Archive member included to satisfy reference by file (symbol)

/usr/lib/gcc/arm-none-eabi/7.3.1/thumb/v6-m/libgcc.a(_dvmd_tls.o)
                              CMakeFiles/test.dir/home/pi/pico/pico-sdk/src/rp2_common/pico_divider/divider.S.obj (__aeabi_idiv0)
/usr/lib/gcc/arm-none-eabi/7.3.1/../../../arm-none-eabi/lib/thumb/v6-m/libg.a(lib_a-atexit.o)
                              /usr/lib/gcc/arm-none-eabi/7.3.1/../../../arm-none-eabi/lib/thumb/v6-m/crt0.o (atexit)
/usr/lib/gcc/arm-none-eabi/7.3.1/../../../arm-none-eabi/lib/thumb/v6-m/libg.a(lib_a-calloc.o)
                              CMakeFiles/test.dir/home/pi/pico/pico-sdk/src/rp2_common/pico_malloc/pico_malloc.c.obj (calloc)
/usr/lib/gcc/arm-none-eabi/7.3.1/../../../arm-none-eabi/lib/thumb/v6-m/libg.a(lib_a-callocr.o)
                              /usr/lib/gcc/arm-none-eabi/7.3.1/../../../arm-none-eabi/lib/thumb/v6-m/libg.a(lib_a-calloc.o) (_calloc_r)
/usr/lib/gcc/arm-none-eabi/7.3.1/../../../arm-none-eabi/lib/thumb/v6-m/libg.a(lib_a-ctype_.o)
                              CMakeFiles/test.dir/home/pi/pico/pico-sdk/lib/tinyusb/src/tusb.c.obj (_ctype_)
/usr/lib/gcc/arm-none-eabi/7.3.1/../../../arm-none-eabi/lib/thumb/v6-m/libg.a(lib_a-fini.o)
                              /usr/lib/gcc/arm-none-eabi/7.3.1/../../../arm-none-eabi/lib/thumb/v6-m/crt0.o (__libc_fini_array)
/usr/lib/gcc/arm-none-eabi/7.3.1/../../../arm-none-eabi/lib/thumb/v6-m/libg.a(lib_a-impure.o)
                              /usr/lib/gcc/arm-none-eabi/7.3.1/../../../arm-none-eabi/lib/thumb/v6-m/libg.a(lib_a-calloc.o) (_impure_ptr)
/usr/lib/gcc/arm-none-eabi/7.3.1/../../../arm-none-eabi/lib/thumb/v6-m/libg.a(lib_a-init.o)
                              /usr/lib/gcc/arm-none-eabi/7.3.1/../../../arm-none-eabi/lib/thumb/v6-m/crt0.o (__libc_init_array)
/usr/lib/gcc/arm-none-eabi/7.3.1/../../../arm-none-eabi/lib/thumb/v6-m/libg.a(lib_a-malloc.o)
                              CMakeFiles/test.dir/home/pi/pico/pico-sdk/src/rp2_common/pico_malloc/pico_malloc.c.obj (malloc)
/usr/lib/gcc/arm-none-eabi/7.3.1/../../../arm-none-eabi/lib/thumb/v6-m/libg.a(lib_a-mallocr.o)
                              /usr/lib/gcc/arm-none-eabi/7.3.1/../../../arm-none-eabi/lib/thumb/v6-m/libg.a(lib_a-callocr.o) (_malloc_r)
/usr/lib/gcc/arm-none-eabi/7.3.1/../../../arm-none-eabi/lib/thumb/v6-m/libg.a(lib_a-mlock.o)
                              /usr/lib/gcc/arm-none-eabi/7.3.1/../../../arm-none-eabi/lib/thumb/v6-m/libg.a(lib_a-mallocr.o) (__malloc_lock)
/usr/lib/gcc/arm-none-eabi/7.3.1/../../../arm-none-eabi/lib/thumb/v6-m/libg.a(lib_a-sbrkr.o)
                              /usr/lib/gcc/arm-none-eabi/7.3.1/../../../arm-none-eabi/lib/thumb/v6-m/libg.a(lib_a-mallocr.o) (_sbrk_r)
/usr/lib/gcc/arm-none-eabi/7.3.1/../../../arm-none-eabi/lib/thumb/v6-m/libg.a(lib_a-strlen-stub.o)
                              CMakeFiles/test.dir/home/pi/pico/pico-sdk/src/rp2_common/pico_stdio/stdio.c.obj (strlen)
/usr/lib/gcc/arm-none-eabi/7.3.1/../../../arm-none-eabi/lib/thumb/v6-m/libg.a(lib_a-__atexit.o)
                              /usr/lib/gcc/arm-none-eabi/7.3.1/../../../arm-none-eabi/lib/thumb/v6-m/libg.a(lib_a-atexit.o) (__register_exitproc)
/usr/lib/gcc/arm-none-eabi/7.3.1/../../../arm-none-eabi/lib/thumb/v6-m/libg.a(lib_a-freer.o)
                              /usr/lib/gcc/arm-none-eabi/7.3.1/../../../arm-none-eabi/lib/thumb/v6-m/libg.a(lib_a-malloc.o) (_free_r)
/usr/lib/gcc/arm-none-eabi/7.3.1/../../../arm-none-eabi/lib/thumb/v6-m/libg.a(lib_a-reent.o)
                              /usr/lib/gcc/arm-none-eabi/7.3.1/../../../arm-none-eabi/lib/thumb/v6-m/libg.a(lib_a-sbrkr.o) (errno)

Allocating common symbols
Common symbol       size              file

sf_table            0x100             CMakeFiles/test.dir/home/pi/pico/pico-sdk/src/rp2_common/pico_float/float_init_rom.c.obj
errno               0x4               /usr/lib/gcc/arm-none-eabi/7.3.1/../../../arm-none-eabi/lib/thumb/v6-m/libg.a(lib_a-reent.o)
_usbd_qdef_buf      0xc0              CMakeFiles/test.dir/home/pi/pico/pico-sdk/lib/tinyusb/src/device/usbd.c.obj
cdp1802_instr       0xa0              CMakeFiles/test.dir/emulate.c.obj
sf_clz_func         0x4               CMakeFiles/test.dir/home/pi/pico/pico-sdk/src/rp2_common/pico_float/float_init_rom.c.obj
sd_table            0x100             CMakeFiles/test.dir/home/pi/pico/pico-sdk/src/rp2_common/pico_double/double_init_rom.c.obj
uart_char_to_line_feed
                    0x4               CMakeFiles/test.dir/home/pi/pico/pico-sdk/src/rp2_common/hardware_uart/uart.c.obj

Discarded input sections

 .text          0x00000000        0x0 /usr/lib/gcc/arm-none-eabi/7.3.1/thumb/v6-m/crti.o
 .data          0x00000000        0x0 /usr/lib/gcc/arm-none-eabi/7.3.1/thumb/v6-m/crti.o
 .bss           0x00000000        0x0 /usr/lib/gcc/arm-none-eabi/7.3.1/thumb/v6-m/crti.o
 .data          0x00000000        0x4 /usr/lib/gcc/arm-none-eabi/7.3.1/thumb/v6-m/crtbegin.o
[...]
Memory Configuration

Name             Origin             Length             Attributes
FLASH            0x10000000         0x00200000         xr
RAM              0x20000000         0x00040000         xrw
SCRATCH_X        0x20040000         0x00001000         xrw
SCRATCH_Y        0x20041000         0x00001000         xrw
*default*        0x00000000         0xffffffff

Linker script and memory map

LOAD /usr/lib/gcc/arm-none-eabi/7.3.1/thumb/v6-m/crti.o
LOAD /usr/lib/gcc/arm-none-eabi/7.3.1/thumb/v6-m/crtbegin.o
LOAD /usr/lib/gcc/arm-none-eabi/7.3.1/../../../arm-none-eabi/lib/thumb/v6-m/crt0.o

.flash_begin    0x10000000        0x0
                0x10000000                __flash_binary_start = .

.boot2          0x10000000      0x100
                0x10000000                __boot2_start__ = .
 *(.boot2)
 .boot2         0x10000000      0x100 /tmp/ccaEb9Vt.o
                0x10000100                __boot2_end__ = .
                0x00000001                ASSERT (((__boot2_end__ - __boot2_start__) == 0x100), ERROR: Pico second stage bootloader must be 256 bytes in size)

.text           0x10000100     0x6930
                0x10000100                __logical_binary_start = .
 *(.vectors)
 .vectors       0x10000100       0xd4 CMakeFiles/test.dir/home/pi/pico/pico-sdk/src/rp2_common/pico_standard_link/crt0.S.obj
                0x10000100                __vectors
                0x100001c0                isr_invalid
                0x100001c2                isr_nmi
                0x100001c4                isr_hardfault
                0x100001c6                isr_svcall
                0x100001c8                isr_pendsv
                0x100001ca                isr_systick
                0x100001cc                isr_irq30
                0x100001cc                __unhandled_user_irq
                0x100001cc                isr_irq13
                0x100001cc                isr_irq27
                0x100001cc                isr_irq31
                0x100001cc                isr_irq5
                0x100001cc                isr_irq11
                0x100001cc                isr_irq23
                0x100001cc                isr_irq18
                0x100001cc                isr_irq28
                0x100001cc                isr_irq19
                0x100001cc                isr_irq0
                0x100001cc                isr_irq6
                0x100001cc                isr_irq22
                0x100001cc                isr_irq17
                0x100001cc                isr_irq14
                0x100001cc                isr_irq2
                0x100001cc                isr_irq10
                0x100001cc                isr_irq8
                0x100001cc                isr_irq24
                0x100001cc                isr_irq1
                0x100001cc                isr_irq7
                0x100001cc                isr_irq21
                0x100001cc                isr_irq20
                0x100001cc                isr_irq15
                0x100001cc                isr_irq25
                0x100001cc                isr_irq4
                0x100001cc                isr_irq16
                0x100001cc                isr_irq29
                0x100001cc                isr_irq26
                0x100001cc                isr_irq3
                0x100001cc                isr_irq12
                0x100001cc                isr_irq9
                0x100001d2                unhandled_user_irq_num_in_r0
 *(.binary_info_header)
 .binary_info_header
                0x100001d4       0x14 CMakeFiles/test.dir/home/pi/pico/pico-sdk/src/rp2_common/pico_standard_link/crt0.S.obj
                0x100001e8                __binary_info_header_end = .
 *(.reset)
 .reset         0x100001e8       0xa8 CMakeFiles/test.dir/home/pi/pico/pico-sdk/src/rp2_common/pico_standard_link/crt0.S.obj
                0x100001e8                _entry_point
                0x10000266                __get_current_exception
 .reset         0x10000290       0x30 CMakeFiles/test.dir/home/pi/pico/pico-sdk/src/rp2_common/pico_standard_link/binary_info.c.obj
 *(.init)
 .init          0x100002c0        0x4 /usr/lib/gcc/arm-none-eabi/7.3.1/thumb/v6-m/crti.o
                0x100002c0                _init
 *(EXCLUDE_FILE(*libm.a: *libc.a:*lib_a-mem*.o *libgcc.a:) .text*)
 .text          0x100002c4       0x98 /usr/lib/gcc/arm-none-eabi/7.3.1/thumb/v6-m/crtbegin.o
 .text.main     0x1000035c       0x6c CMakeFiles/test.dir/test.c.obj
                0x1000035c                main
 .text.instr_idl
                0x100003c8        0x2 CMakeFiles/test.dir/emulate.c.obj
                0x100003c8                instr_idl
 .text.instr_ldn
                0x100003ca        0x2 CMakeFiles/test.dir/emulate.c.obj
                0x100003ca                instr_ldn
 .text.emulate_initialize
                0x100003cc       0x48 CMakeFiles/test.dir/emulate.c.obj
                0x100003cc                emulate_initialize
 .text.gpio_set_function
                0x10000414       0x30 CMakeFiles/test.dir/home/pi/pico/pico-sdk/src/rp2_common/hardware_gpio/gpio.c.obj
                0x10000414                gpio_set_function
 .text.gpio_init
                0x10000444       0x16 CMakeFiles/test.dir/home/pi/pico/pico-sdk/src/rp2_common/hardware_gpio/gpio.c.obj
                0x10000444                gpio_init
 *fill*         0x1000045a        0x2 
 .text.hw_claim_lock
                0x1000045c       0x18 CMakeFiles/test.dir/home/pi/pico/pico-sdk/src/rp2_common/hardware_claim/claim.c.obj
                0x1000045c                hw_claim_lock
 .text.hw_claim_unlock
                0x10000474       0x14 CMakeFiles/test.dir/home/pi/pico/pico-sdk/src/rp2_common/hardware_claim/claim.c.obj
                0x10000474                hw_claim_unlock
 .text.hw_claim_or_assert
                0x10000488       0x36 CMakeFiles/test.dir/home/pi/pico/pico-sdk/src/rp2_common/hardware_claim/claim.c.obj
                0x10000488                hw_claim_or_assert
 .text.hw_claim_unused_from_range
                0x100004be       0x54 CMakeFiles/test.dir/home/pi/pico/pico-sdk/src/rp2_common/hardware_claim/claim.c.obj
                0x100004be                hw_claim_unused_from_range
 *fill*         0x10000512        0x2 
 .text.spin_locks_reset
                0x10000514       0x20 CMakeFiles/test.dir/home/pi/pico/pico-sdk/src/rp2_common/hardware_sync/sync.c.obj
                0x10000514                spin_locks_reset
 .text.next_striped_spin_lock_num
                0x10000534       0x1c CMakeFiles/test.dir/home/pi/pico/pico-sdk/src/rp2_common/hardware_sync/sync.c.obj
                0x10000534                next_striped_spin_lock_num
 .text.spin_lock_claim_unused
                0x10000550       0x20 CMakeFiles/test.dir/home/pi/pico/pico-sdk/src/rp2_common/hardware_sync/sync.c.obj
                0x10000550                spin_lock_claim_unused
 .text.running_on_fpga
                0x10000570       0x14 CMakeFiles/test.dir/home/pi/pico/pico-sdk/src/rp2_common/pico_platform/platform.c.obj
                0x10000570                running_on_fpga
 .text.sev_callback
                0x10000584        0x8 CMakeFiles/test.dir/home/pi/pico/pico-sdk/src/common/pico_time/time.c.obj
 .text.alarm_pool_post_alloc_init
                0x1000058c       0x40 CMakeFiles/test.dir/home/pi/pico/pico-sdk/src/common/pico_time/time.c.obj
 .text.timer_pool_entry_comparator
                0x100005cc       0x78 CMakeFiles/test.dir/home/pi/pico/pico-sdk/src/common/pico_time/time.c.obj
                0x100005cc                timer_pool_entry_comparator
 .text.ph_add_child_node
                0x10000644       0xa4 CMakeFiles/test.dir/home/pi/pico/pico-sdk/src/common/pico_time/time.c.obj
 .text.ph_merge_nodes
                0x100006e8       0x3a CMakeFiles/test.dir/home/pi/pico/pico-sdk/src/common/pico_time/time.c.obj
 *fill*         0x10000722        0x2 
 .text.add_alarm_under_lock
                0x10000724      0x180 CMakeFiles/test.dir/home/pi/pico/pico-sdk/src/common/pico_time/time.c.obj
 .text.alarm_pool_alarm_callback
                0x100008a4      0x314 CMakeFiles/test.dir/home/pi/pico/pico-sdk/src/common/pico_time/time.c.obj
 .text.alarm_pool_init_default
                0x10000bb8       0x2c CMakeFiles/test.dir/home/pi/pico/pico-sdk/src/common/pico_time/time.c.obj
                0x10000bb8                alarm_pool_init_default
 .text.alarm_pool_get_default
                0x10000be4       0x2c CMakeFiles/test.dir/home/pi/pico/pico-sdk/src/common/pico_time/time.c.obj
                0x10000be4                alarm_pool_get_default
 .text.alarm_pool_add_alarm_at
                0x10000c10      0x130 CMakeFiles/test.dir/home/pi/pico/pico-sdk/src/common/pico_time/time.c.obj
                0x10000c10                alarm_pool_add_alarm_at
 .text.alarm_pool_cancel_alarm
                0x10000d40       0xec CMakeFiles/test.dir/home/pi/pico/pico-sdk/src/common/pico_time/time.c.obj
                0x10000d40                alarm_pool_cancel_alarm
 .text.sleep_until
                0x10000e2c       0xa4 CMakeFiles/test.dir/home/pi/pico/pico-sdk/src/common/pico_time/time.c.obj
                0x10000e2c                sleep_until
 .text.sleep_us
                0x10000ed0       0x30 CMakeFiles/test.dir/home/pi/pico/pico-sdk/src/common/pico_time/time.c.obj
                0x10000ed0                sleep_us
 .text.sleep_ms
                0x10000f00       0x14 CMakeFiles/test.dir/home/pi/pico/pico-sdk/src/common/pico_time/time.c.obj
                0x10000f00                sleep_ms
 .text.best_effort_wfe_or_timeout
                0x10000f14       0x80 CMakeFiles/test.dir/home/pi/pico/pico-sdk/src/common/pico_time/time.c.obj
                0x10000f14                best_effort_wfe_or_timeout
 .text.hardware_alarm_irq_handler
                0x10000f94       0x8c CMakeFiles/test.dir/home/pi/pico/pico-sdk/src/rp2_common/hardware_timer/timer.c.obj
 .text.hardware_alarm_claim
                0x10001020       0x18 CMakeFiles/test.dir/home/pi/pico/pico-sdk/src/rp2_common/hardware_timer/timer.c.obj
                0x10001020                hardware_alarm_claim
 .text.time_us_64
                0x10001038       0x18 CMakeFiles/test.dir/home/pi/pico/pico-sdk/src/rp2_common/hardware_timer/timer.c.obj
                0x10001038                time_us_64
 .text.busy_wait_until
                0x10001050       0x28 CMakeFiles/test.dir/home/pi/pico/pico-sdk/src/rp2_common/hardware_timer/timer.c.obj
                0x10001050                busy_wait_until
 .text.hardware_alarm_set_callback
                0x10001078       0x90 CMakeFiles/test.dir/home/pi/pico/pico-sdk/src/rp2_common/hardware_timer/timer.c.obj
                0x10001078                hardware_alarm_set_callback
 .text.hardware_alarm_set_target
                0x10001108       0xcc CMakeFiles/test.dir/home/pi/pico/pico-sdk/src/rp2_common/hardware_timer/timer.c.obj
                0x10001108                hardware_alarm_set_target
 .text.hardware_alarm_cancel
                0x100011d4       0x40 CMakeFiles/test.dir/home/pi/pico/pico-sdk/src/rp2_common/hardware_timer/timer.c.obj
                0x100011d4                hardware_alarm_cancel
 .text.lock_init
                0x10001214       0x10 CMakeFiles/test.dir/home/pi/pico/pico-sdk/src/common/pico_sync/lock_core.c.obj
                0x10001214                lock_init
 .text.mutex_init
                0x10001224       0x1a CMakeFiles/test.dir/home/pi/pico/pico-sdk/src/common/pico_sync/mutex.c.obj
                0x10001224                mutex_init
 .text.critical_section_init_with_lock_num
                0x1000123e        0xc CMakeFiles/test.dir/home/pi/pico/pico-sdk/src/common/pico_sync/critical_section.c.obj
                0x1000123e                critical_section_init_with_lock_num
 .text.critical_section_init
                0x1000124a       0x14 CMakeFiles/test.dir/home/pi/pico/pico-sdk/src/common/pico_sync/critical_section.c.obj
                0x1000124a                critical_section_init
 *fill*         0x1000125e        0x2 
 .text.ph_add_child_node
                0x10001260       0xa4 CMakeFiles/test.dir/home/pi/pico/pico-sdk/src/common/pico_util/pheap.c.obj
 .text.ph_merge_nodes
                0x10001304       0x3a CMakeFiles/test.dir/home/pi/pico/pico-sdk/src/common/pico_util/pheap.c.obj
 *fill*         0x1000133e        0x2 
 .text.ph_clear
                0x10001340       0x70 CMakeFiles/test.dir/home/pi/pico/pico-sdk/src/common/pico_util/pheap.c.obj
                0x10001340                ph_clear
 .text.ph_post_alloc_init
                0x100013b0        0xe CMakeFiles/test.dir/home/pi/pico/pico-sdk/src/common/pico_util/pheap.c.obj
                0x100013b0                ph_post_alloc_init
 *fill*         0x100013be        0x2 
 .text.ph_merge_two_pass
                0x100013c0       0xac CMakeFiles/test.dir/home/pi/pico/pico-sdk/src/common/pico_util/pheap.c.obj
                0x100013c0                ph_merge_two_pass
 .text.ph_remove_any_head
                0x1000146c      0x108 CMakeFiles/test.dir/home/pi/pico/pico-sdk/src/common/pico_util/pheap.c.obj
 .text.ph_remove_head
                0x10001574       0x14 CMakeFiles/test.dir/home/pi/pico/pico-sdk/src/common/pico_util/pheap.c.obj
                0x10001574                ph_remove_head
 .text.ph_remove_and_free_node
                0x10001588       0xf8 CMakeFiles/test.dir/home/pi/pico/pico-sdk/src/common/pico_util/pheap.c.obj
                0x10001588                ph_remove_and_free_node
 .text.runtime_init
                0x10001680       0xcc CMakeFiles/test.dir/home/pi/pico/pico-sdk/src/rp2_common/pico_runtime/runtime.c.obj
                0x10001680                runtime_init
 .text._exit    0x1000174c        0x4 CMakeFiles/test.dir/home/pi/pico/pico-sdk/src/rp2_common/pico_runtime/runtime.c.obj
                0x1000174c                _exit
 .text.exit     0x10001750        0x6 CMakeFiles/test.dir/home/pi/pico/pico-sdk/src/rp2_common/pico_runtime/runtime.c.obj
                0x10001750                exit
 *fill*         0x10001756        0x2 
 .text.__assert_func
                0x10001758       0x3c CMakeFiles/test.dir/home/pi/pico/pico-sdk/src/rp2_common/pico_runtime/runtime.c.obj
                0x10001758                __assert_func
 .text.panic    0x10001794       0x30 CMakeFiles/test.dir/home/pi/pico/pico-sdk/src/rp2_common/pico_runtime/runtime.c.obj
                0x10001794                panic
 .text.clock_configure
                0x100017c4       0xec CMakeFiles/test.dir/home/pi/pico/pico-sdk/src/rp2_common/hardware_clocks/clocks.c.obj
                0x100017c4                clock_configure
 .text.clocks_init
                0x100018b0      0x124 CMakeFiles/test.dir/home/pi/pico/pico-sdk/src/rp2_common/hardware_clocks/clocks.c.obj
                0x100018b0                clocks_init
 .text.watchdog_start_tick
                0x100019d4       0x10 CMakeFiles/test.dir/home/pi/pico/pico-sdk/src/rp2_common/hardware_watchdog/watchdog.c.obj
                0x100019d4                watchdog_start_tick
 .text.watchdog_update
                0x100019e4       0x14 CMakeFiles/test.dir/home/pi/pico/pico-sdk/src/rp2_common/hardware_watchdog/watchdog.c.obj
                0x100019e4                watchdog_update
 .text._watchdog_enable
                0x100019f8       0x6c CMakeFiles/test.dir/home/pi/pico/pico-sdk/src/rp2_common/hardware_watchdog/watchdog.c.obj
                0x100019f8                _watchdog_enable
 .text.watchdog_reboot
                0x10001a64       0x44 CMakeFiles/test.dir/home/pi/pico/pico-sdk/src/rp2_common/hardware_watchdog/watchdog.c.obj
                0x10001a64                watchdog_reboot
 .text.xosc_init
                0x10001aa8       0x28 CMakeFiles/test.dir/home/pi/pico/pico-sdk/src/rp2_common/hardware_xosc/xosc.c.obj
                0x10001aa8                xosc_init
 .text.pll_init
                0x10001ad0       0xcc CMakeFiles/test.dir/home/pi/pico/pico-sdk/src/rp2_common/hardware_pll/pll.c.obj
                0x10001ad0                pll_init
 .text.set_raw_irq_handler_and_unlock
                0x10001b9c       0x28 CMakeFiles/test.dir/home/pi/pico/pico-sdk/src/rp2_common/hardware_irq/irq.c.obj
 .text.make_branch
                0x10001bc4       0x34 CMakeFiles/test.dir/home/pi/pico/pico-sdk/src/rp2_common/hardware_irq/irq.c.obj
 .text.insert_branch_and_link
                0x10001bf8       0x40 CMakeFiles/test.dir/home/pi/pico/pico-sdk/src/rp2_common/hardware_irq/irq.c.obj
 .text.irq_is_enabled
                0x10001c38       0x18 CMakeFiles/test.dir/home/pi/pico/pico-sdk/src/rp2_common/hardware_irq/irq.c.obj
                0x10001c38                irq_is_enabled
 .text.irq_set_mask_enabled
                0x10001c50       0x20 CMakeFiles/test.dir/home/pi/pico/pico-sdk/src/rp2_common/hardware_irq/irq.c.obj
                0x10001c50                irq_set_mask_enabled
 .text.irq_set_enabled
                0x10001c70        0xe CMakeFiles/test.dir/home/pi/pico/pico-sdk/src/rp2_common/hardware_irq/irq.c.obj
                0x10001c70                irq_set_enabled
 *fill*         0x10001c7e        0x2 
 .text.irq_set_pending
                0x10001c80       0x10 CMakeFiles/test.dir/home/pi/pico/pico-sdk/src/rp2_common/hardware_irq/irq.c.obj
                0x10001c80                irq_set_pending
 .text.irq_get_vtable_handler
                0x10001c90       0x10 CMakeFiles/test.dir/home/pi/pico/pico-sdk/src/rp2_common/hardware_irq/irq.c.obj
                0x10001c90                irq_get_vtable_handler
 .text.irq_set_exclusive_handler
                0x10001ca0       0x54 CMakeFiles/test.dir/home/pi/pico/pico-sdk/src/rp2_common/hardware_irq/irq.c.obj
                0x10001ca0                irq_set_exclusive_handler
 .text.irq_remove_handler
                0x10001cf4      0x1b4 CMakeFiles/test.dir/home/pi/pico/pico-sdk/src/rp2_common/hardware_irq/irq.c.obj
                0x10001cf4                irq_remove_handler
 .text.irq_set_priority
                0x10001ea8       0x28 CMakeFiles/test.dir/home/pi/pico/pico-sdk/src/rp2_common/hardware_irq/irq.c.obj
                0x10001ea8                irq_set_priority
 .text.irq_add_tail_to_free_list
                0x10001ed0       0xf0 CMakeFiles/test.dir/home/pi/pico/pico-sdk/src/rp2_common/hardware_irq/irq.c.obj
                0x10001ed0                irq_add_tail_to_free_list
 .text.irq_init_priorities
                0x10001fc0       0x16 CMakeFiles/test.dir/home/pi/pico/pico-sdk/src/rp2_common/hardware_irq/irq.c.obj
                0x10001fc0                irq_init_priorities
 .text._out_null
                0x10001fd6        0x2 CMakeFiles/test.dir/home/pi/pico/pico-sdk/src/rp2_common/pico_printf/printf.c.obj
 .text._out_fct
                0x10001fd8        0xe CMakeFiles/test.dir/home/pi/pico/pico-sdk/src/rp2_common/pico_printf/printf.c.obj
 .text._atoi    0x10001fe6       0x24 CMakeFiles/test.dir/home/pi/pico/pico-sdk/src/rp2_common/pico_printf/printf.c.obj
 .text._out_rev
                0x1000200a       0x8c CMakeFiles/test.dir/home/pi/pico/pico-sdk/src/rp2_common/pico_printf/printf.c.obj
 .text._ntoa_format
                0x10002096      0x112 CMakeFiles/test.dir/home/pi/pico/pico-sdk/src/rp2_common/pico_printf/printf.c.obj
 .text._ntoa_long
                0x100021a8       0x9e CMakeFiles/test.dir/home/pi/pico/pico-sdk/src/rp2_common/pico_printf/printf.c.obj
 .text._ntoa_long_long
                0x10002246       0xe2 CMakeFiles/test.dir/home/pi/pico/pico-sdk/src/rp2_common/pico_printf/printf.c.obj
 .text._etoa    0x10002328      0x424 CMakeFiles/test.dir/home/pi/pico/pico-sdk/src/rp2_common/pico_printf/printf.c.obj
 .text._ftoa    0x1000274c      0x340 CMakeFiles/test.dir/home/pi/pico/pico-sdk/src/rp2_common/pico_printf/printf.c.obj
 .text._vsnprintf
                0x10002a8c      0x640 CMakeFiles/test.dir/home/pi/pico/pico-sdk/src/rp2_common/pico_printf/printf.c.obj
 .text.vfctprintf
                0x100030cc       0x20 CMakeFiles/test.dir/home/pi/pico/pico-sdk/src/rp2_common/pico_printf/printf.c.obj
                0x100030cc                vfctprintf
 .text          0x100030ec       0x10 CMakeFiles/test.dir/home/pi/pico/pico-sdk/src/rp2_common/pico_bit_ops/bit_ops_aeabi.S.obj
 .text.rom_func_lookup
                0x100030fc       0x10 CMakeFiles/test.dir/home/pi/pico/pico-sdk/src/rp2_common/pico_bootrom/bootrom.c.obj
                0x100030fc                rom_func_lookup
 .text.rom_data_lookup
                0x1000310c       0x10 CMakeFiles/test.dir/home/pi/pico/pico-sdk/src/rp2_common/pico_bootrom/bootrom.c.obj
                0x1000310c                rom_data_lookup
 .text.rom_funcs_lookup
                0x1000311c       0x36 CMakeFiles/test.dir/home/pi/pico/pico-sdk/src/rp2_common/pico_bootrom/bootrom.c.obj
                0x1000311c                rom_funcs_lookup
 *fill*         0x10003152        0x2 
 .text.__wrap___aeabi_idiv
                0x10003154       0x58 CMakeFiles/test.dir/home/pi/pico/pico-sdk/src/rp2_common/pico_divider/divider.S.obj
                0x10003154                __wrap___aeabi_idivmod
                0x10003154                divmod_s32s32
                0x10003154                div_s32s32
                0x10003154                __wrap___aeabi_idiv
                0x1000315c                divmod_s32s32_unsafe
                0x10003188                divmod_s32s32_savestate
 .text.__wrap___aeabi_uidiv
                0x100031ac       0x54 CMakeFiles/test.dir/home/pi/pico/pico-sdk/src/rp2_common/pico_divider/divider.S.obj
                0x100031ac                __wrap___aeabi_uidiv
                0x100031ac                __wrap___aeabi_uidivmod
                0x100031ac                div_u32u32
                0x100031ac                divmod_u32u32
                0x100031b4                divmod_u32u32_unsafe
                0x100031dc                divmod_u32u32_savestate
 .text.__wrap___aeabi_ldiv
                0x10003200      0x430 CMakeFiles/test.dir/home/pi/pico/pico-sdk/src/rp2_common/pico_divider/divider.S.obj
                0x10003200                div_s64s64
                0x10003200                divmod_s64s64
                0x10003200                __wrap___aeabi_ldivmod
                0x10003238                div_u64u64
                0x10003238                divmod_u64u64
                0x10003238                __wrap___aeabi_uldivmod
                0x10003248                divmod_u64u64_savestate
                0x10003270                divmod_s64s64_unsafe
                0x100032f8                divmod_u64u64_unsafe
 .text.__wrap___aeabi_darithmetic
                0x10003630       0x54 CMakeFiles/test.dir/home/pi/pico/pico-sdk/src/rp2_common/pico_double/double_aeabi.S.obj
                0x10003630                __wrap___aeabi_drsub
                0x10003636                __wrap___aeabi_dsub
                0x10003648                __wrap___aeabi_dadd
                0x1000365a                __wrap___aeabi_ddiv
                0x1000366c                __wrap___aeabi_dmul
 .text.__wrap___aeabi_cdcmple
                0x10003684       0x6c CMakeFiles/test.dir/home/pi/pico/pico-sdk/src/rp2_common/pico_double/double_aeabi.S.obj
                0x10003684                __wrap___aeabi_cdrcmple
                0x10003694                __wrap___aeabi_cdcmple
                0x10003694                __wrap___aeabi_cdcmpeq
 .text.__wrap___aeabi_dcmplt
                0x100036f0        0xc CMakeFiles/test.dir/home/pi/pico/pico-sdk/src/rp2_common/pico_double/double_aeabi.S.obj
                0x100036f0                __wrap___aeabi_dcmplt
 .text.__wrap___aeabi_dcmple
                0x100036fc       0x10 CMakeFiles/test.dir/home/pi/pico/pico-sdk/src/rp2_common/pico_double/double_aeabi.S.obj
                0x100036fc                __wrap___aeabi_dcmple
 .text.__wrap___aeabi_dcmpge
                0x1000370c       0x10 CMakeFiles/test.dir/home/pi/pico/pico-sdk/src/rp2_common/pico_double/double_aeabi.S.obj
                0x1000370c                __wrap___aeabi_dcmpge
 .text.__wrap___aeabi_dcmpgt
                0x1000371c        0xa CMakeFiles/test.dir/home/pi/pico/pico-sdk/src/rp2_common/pico_double/double_aeabi.S.obj
                0x1000371c                __wrap___aeabi_dcmpgt
 .text.__wrap___aeabi_dcmpun
                0x10003726       0x1c CMakeFiles/test.dir/home/pi/pico/pico-sdk/src/rp2_common/pico_double/double_aeabi.S.obj
                0x10003726                __wrap___aeabi_dcmpun
 *fill*         0x10003742        0x2 
 .text.__wrap___aeabi_i2d
                0x10003744       0x38 CMakeFiles/test.dir/home/pi/pico/pico-sdk/src/rp2_common/pico_double/double_aeabi.S.obj
                0x10003744                __wrap___aeabi_ui2d
                0x1000374c                __wrap___aeabi_i2d
 .text.__wrap___aeabi_d2iz
                0x1000377c       0x48 CMakeFiles/test.dir/home/pi/pico/pico-sdk/src/rp2_common/pico_double/double_aeabi.S.obj
                0x1000377c                __wrap___aeabi_d2iz
                0x1000377c                double2int_z
 .text.__wrap___aeabi_d2uiz
                0x100037c4       0x18 CMakeFiles/test.dir/home/pi/pico/pico-sdk/src/rp2_common/pico_double/double_aeabi.S.obj
                0x100037c4                double2uint
                0x100037c4                __wrap___aeabi_d2uiz
 .text.__aeabi_double_init
                0x100037dc       0xb8 CMakeFiles/test.dir/home/pi/pico/pico-sdk/src/rp2_common/pico_double/double_init_rom.c.obj
                0x100037dc                __aeabi_double_init
 .text.double_table_shim_on_use_helper
                0x10003894       0x34 CMakeFiles/test.dir/home/pi/pico/pico-sdk/src/rp2_common/pico_double/double_v1_rom_shim.S.obj
                0x10003894                double_table_shim_on_use_helper
 .text.__wrap___aeabi_dsub
                0x100038c8       0x10 CMakeFiles/test.dir/home/pi/pico/pico-sdk/src/rp2_common/pico_double/double_v1_rom_shim.S.obj
                0x100038c8                drsub_shim
                0x100038ce                dsub_shim
 .text.dadd_shim
                0x100038d8      0x15c CMakeFiles/test.dir/home/pi/pico/pico-sdk/src/rp2_common/pico_double/double_v1_rom_shim.S.obj
                0x100038d8                dadd_shim
 .text.dmul_shim
                0x10003a34      0x15c CMakeFiles/test.dir/home/pi/pico/pico-sdk/src/rp2_common/pico_double/double_v1_rom_shim.S.obj
                0x10003a34                dmul_shim
 .text.ddiv_shim
                0x10003b90      0x1b0 CMakeFiles/test.dir/home/pi/pico/pico-sdk/src/rp2_common/pico_double/double_v1_rom_shim.S.obj
                0x10003b90                ddiv_shim
 .text.dcordic_rot_step
                0x10003d40       0x7c CMakeFiles/test.dir/home/pi/pico/pico-sdk/src/rp2_common/pico_double/double_v1_rom_shim.S.obj
                0x10003d40                dcordic_rot_step
 .text.double2uint_shim
                0x10003dbc        0xe CMakeFiles/test.dir/home/pi/pico/pico-sdk/src/rp2_common/pico_double/double_v1_rom_shim.S.obj
                0x10003dbc                double2uint_shim
                0x10003dbe                double2ufix_shim
 *fill*         0x10003dca        0x2 
 .text.double2uint64_shim
                0x10003dcc       0x6c CMakeFiles/test.dir/home/pi/pico/pico-sdk/src/rp2_common/pico_double/double_v1_rom_shim.S.obj
                0x10003dcc                double2uint64_shim
                0x10003dce                double2ufix64_shim
                0x10003de8                d2fix_a
 .text.dunpacks
                0x10003e38       0x3c CMakeFiles/test.dir/home/pi/pico/pico-sdk/src/rp2_common/pico_double/double_v1_rom_shim.S.obj
                0x10003e38                dunpacks
 .text.__aeabi_lmul
                0x10003e74       0x32 CMakeFiles/test.dir/home/pi/pico/pico-sdk/src/rp2_common/pico_int64_ops/pico_int64_ops_aeabi.S.obj
                0x10003e74                __wrap___aeabi_lmul
 *fill*         0x10003ea6        0x2 
 .text.__aeabi_float_init
                0x10003ea8       0xfc CMakeFiles/test.dir/home/pi/pico/pico-sdk/src/rp2_common/pico_float/float_init_rom.c.obj
                0x10003ea8                __aeabi_float_init
 .text.float_table_shim_on_use_helper
                0x10003fa4       0x34 CMakeFiles/test.dir/home/pi/pico/pico-sdk/src/rp2_common/pico_float/float_v1_rom_shim.S.obj
                0x10003fa4                float_table_shim_on_use_helper
 .text          0x10003fd8       0x10 CMakeFiles/test.dir/home/pi/pico/pico-sdk/src/rp2_common/pico_mem_ops/mem_ops_aeabi.S.obj
                0x10003fd8                __aeabi_mem_init
 .text.memset   0x10003fe8        0xc CMakeFiles/test.dir/home/pi/pico/pico-sdk/src/rp2_common/pico_mem_ops/mem_ops_aeabi.S.obj
                0x10003fe8                __wrap_memset
 .text.memcpy   0x10003ff4        0xc CMakeFiles/test.dir/home/pi/pico/pico-sdk/src/rp2_common/pico_mem_ops/mem_ops_aeabi.S.obj
                0x10003ff4                __wrap___aeabi_memcpy
                0x10003ff4                __wrap_memcpy
 .text.stdio_out_chars_crlf
                0x10004000       0x80 CMakeFiles/test.dir/home/pi/pico/pico-sdk/src/rp2_common/pico_stdio/stdio.c.obj
 .text.stdio_stack_buffer_flush
                0x10004080       0x44 CMakeFiles/test.dir/home/pi/pico/pico-sdk/src/rp2_common/pico_stdio/stdio.c.obj
 .text.stdio_buffered_printer
                0x100040c4       0x20 CMakeFiles/test.dir/home/pi/pico/pico-sdk/src/rp2_common/pico_stdio/stdio.c.obj
 .text.stdout_serialize_begin
                0x100040e4       0x2c CMakeFiles/test.dir/home/pi/pico/pico-sdk/src/rp2_common/pico_stdio/stdio.c.obj
                0x100040e4                stdout_serialize_begin
 .text.stdout_serialize_end
                0x10004110       0x10 CMakeFiles/test.dir/home/pi/pico/pico-sdk/src/rp2_common/pico_stdio/stdio.c.obj
                0x10004110                stdout_serialize_end
 .text.stdio_put_string
                0x10004120       0x78 CMakeFiles/test.dir/home/pi/pico/pico-sdk/src/rp2_common/pico_stdio/stdio.c.obj
 .text.stdio_set_driver_enabled
                0x10004198       0x38 CMakeFiles/test.dir/home/pi/pico/pico-sdk/src/rp2_common/pico_stdio/stdio.c.obj
                0x10004198                stdio_set_driver_enabled
 .text.stdio_flush
                0x100041d0       0x20 CMakeFiles/test.dir/home/pi/pico/pico-sdk/src/rp2_common/pico_stdio/stdio.c.obj
                0x100041d0                stdio_flush
 .text.__wrap_puts
                0x100041f0       0x1c CMakeFiles/test.dir/home/pi/pico/pico-sdk/src/rp2_common/pico_stdio/stdio.c.obj
                0x100041f0                __wrap_puts
 .text.__wrap_vprintf
                0x1000420c       0x44 CMakeFiles/test.dir/home/pi/pico/pico-sdk/src/rp2_common/pico_stdio/stdio.c.obj
                0x1000420c                __wrap_vprintf
 .text.__wrap_printf
                0x10004250       0x18 CMakeFiles/test.dir/home/pi/pico/pico-sdk/src/rp2_common/pico_stdio/stdio.c.obj
                0x10004250                __wrap_printf
 .text.stdio_init_all
                0x10004268        0x8 CMakeFiles/test.dir/home/pi/pico/pico-sdk/src/rp2_common/pico_stdio/stdio.c.obj
                0x10004268                stdio_init_all
 .text.resetd_init
                0x10004270        0x2 CMakeFiles/test.dir/home/pi/pico/pico-sdk/src/rp2_common/pico_stdio_usb/reset_interface.c.obj
 *fill*         0x10004272        0x2 
 .text.resetd_reset
                0x10004274        0xc CMakeFiles/test.dir/home/pi/pico/pico-sdk/src/rp2_common/pico_stdio_usb/reset_interface.c.obj
 .text.resetd_open
                0x10004280       0x34 CMakeFiles/test.dir/home/pi/pico/pico-sdk/src/rp2_common/pico_stdio_usb/reset_interface.c.obj
 .text.resetd_control_complete_cb
                0x100042b4        0x4 CMakeFiles/test.dir/home/pi/pico/pico-sdk/src/rp2_common/pico_stdio_usb/reset_interface.c.obj
 .text.resetd_xfer_cb
                0x100042b8        0x4 CMakeFiles/test.dir/home/pi/pico/pico-sdk/src/rp2_common/pico_stdio_usb/reset_interface.c.obj
 .text.resetd_control_request_cb
                0x100042bc       0x68 CMakeFiles/test.dir/home/pi/pico/pico-sdk/src/rp2_common/pico_stdio_usb/reset_interface.c.obj
 .text.usbd_app_driver_get_cb
                0x10004324        0xc CMakeFiles/test.dir/home/pi/pico/pico-sdk/src/rp2_common/pico_stdio_usb/reset_interface.c.obj
                0x10004324                usbd_app_driver_get_cb
 .text.tud_cdc_line_coding_cb
                0x10004330       0x34 CMakeFiles/test.dir/home/pi/pico/pico-sdk/src/rp2_common/pico_stdio_usb/reset_interface.c.obj
                0x10004330                tud_cdc_line_coding_cb
 .text.stdio_usb_in_chars
                0x10004364       0x70 CMakeFiles/test.dir/home/pi/pico/pico-sdk/src/rp2_common/pico_stdio_usb/stdio_usb.c.obj
                0x10004364                stdio_usb_in_chars
 .text.low_priority_worker_irq
                0x100043d4       0x20 CMakeFiles/test.dir/home/pi/pico/pico-sdk/src/rp2_common/pico_stdio_usb/stdio_usb.c.obj
 .text.stdio_usb_out_chars
                0x100043f4       0xd4 CMakeFiles/test.dir/home/pi/pico/pico-sdk/src/rp2_common/pico_stdio_usb/stdio_usb.c.obj
 .text.timer_task
                0x100044c8       0x10 CMakeFiles/test.dir/home/pi/pico/pico-sdk/src/rp2_common/pico_stdio_usb/stdio_usb.c.obj
 .text.stdio_usb_init
                0x100044d8       0x8c CMakeFiles/test.dir/home/pi/pico/pico-sdk/src/rp2_common/pico_stdio_usb/stdio_usb.c.obj
                0x100044d8                stdio_usb_init
 .text.tud_descriptor_device_cb
                0x10004564        0x8 CMakeFiles/test.dir/home/pi/pico/pico-sdk/src/rp2_common/pico_stdio_usb/stdio_usb_descriptors.c.obj
                0x10004564                tud_descriptor_device_cb
 .text.tud_descriptor_configuration_cb
                0x1000456c        0x8 CMakeFiles/test.dir/home/pi/pico/pico-sdk/src/rp2_common/pico_stdio_usb/stdio_usb_descriptors.c.obj
                0x1000456c                tud_descriptor_configuration_cb
 .text.tud_descriptor_string_cb
                0x10004574       0x50 CMakeFiles/test.dir/home/pi/pico/pico-sdk/src/rp2_common/pico_stdio_usb/stdio_usb_descriptors.c.obj
                0x10004574                tud_descriptor_string_cb
 .text.hw_endpoint_get_by_addr
                0x100045c4       0x1c CMakeFiles/test.dir/home/pi/pico/pico-sdk/lib/tinyusb/src/portable/raspberrypi/rp2040/dcd_rp2040.c.obj
 .text.reset_ep0
                0x100045e0       0x2c CMakeFiles/test.dir/home/pi/pico/pico-sdk/lib/tinyusb/src/portable/raspberrypi/rp2040/dcd_rp2040.c.obj
 .text._hw_endpoint_alloc
                0x1000460c       0x7c CMakeFiles/test.dir/home/pi/pico/pico-sdk/lib/tinyusb/src/portable/raspberrypi/rp2040/dcd_rp2040.c.obj
 .text._hw_endpoint_init
                0x10004688       0xbc CMakeFiles/test.dir/home/pi/pico/pico-sdk/lib/tinyusb/src/portable/raspberrypi/rp2040/dcd_rp2040.c.obj
 .text.hw_endpoint_init
                0x10004744       0x18 CMakeFiles/test.dir/home/pi/pico/pico-sdk/lib/tinyusb/src/portable/raspberrypi/rp2040/dcd_rp2040.c.obj
 .text.hw_handle_buff_status
                0x1000475c       0xbc CMakeFiles/test.dir/home/pi/pico/pico-sdk/lib/tinyusb/src/portable/raspberrypi/rp2040/dcd_rp2040.c.obj
 .text.dcd_rp2040_irq
                0x10004818       0x84 CMakeFiles/test.dir/home/pi/pico/pico-sdk/lib/tinyusb/src/portable/raspberrypi/rp2040/dcd_rp2040.c.obj
 .text.hw_endpoint_xfer
                0x1000489c       0x18 CMakeFiles/test.dir/home/pi/pico/pico-sdk/lib/tinyusb/src/portable/raspberrypi/rp2040/dcd_rp2040.c.obj
 .text.ep0_0len_status
                0x100048b4       0x14 CMakeFiles/test.dir/home/pi/pico/pico-sdk/lib/tinyusb/src/portable/raspberrypi/rp2040/dcd_rp2040.c.obj
 .text._hw_endpoint_stall
                0x100048c8       0x54 CMakeFiles/test.dir/home/pi/pico/pico-sdk/lib/tinyusb/src/portable/raspberrypi/rp2040/dcd_rp2040.c.obj
 .text.hw_endpoint_stall
                0x1000491c        0xc CMakeFiles/test.dir/home/pi/pico/pico-sdk/lib/tinyusb/src/portable/raspberrypi/rp2040/dcd_rp2040.c.obj
 .text._hw_endpoint_clear_stall
                0x10004928       0x34 CMakeFiles/test.dir/home/pi/pico/pico-sdk/lib/tinyusb/src/portable/raspberrypi/rp2040/dcd_rp2040.c.obj
 .text.hw_endpoint_clear_stall
                0x1000495c        0xc CMakeFiles/test.dir/home/pi/pico/pico-sdk/lib/tinyusb/src/portable/raspberrypi/rp2040/dcd_rp2040.c.obj
 .text.dcd_int_enable
                0x10004968       0x2c CMakeFiles/test.dir/home/pi/pico/pico-sdk/lib/tinyusb/src/portable/raspberrypi/rp2040/dcd_rp2040.c.obj
                0x10004968                dcd_int_enable
 .text.dcd_set_address
                0x10004994       0x30 CMakeFiles/test.dir/home/pi/pico/pico-sdk/lib/tinyusb/src/portable/raspberrypi/rp2040/dcd_rp2040.c.obj
                0x10004994                dcd_set_address
 .text.dcd_connect
                0x100049c4       0x30 CMakeFiles/test.dir/home/pi/pico/pico-sdk/lib/tinyusb/src/portable/raspberrypi/rp2040/dcd_rp2040.c.obj
                0x100049c4                dcd_connect
 .text.dcd_init
                0x100049f4       0x90 CMakeFiles/test.dir/home/pi/pico/pico-sdk/lib/tinyusb/src/portable/raspberrypi/rp2040/dcd_rp2040.c.obj
                0x100049f4                dcd_init
 .text.dcd_edpt0_status_complete
                0x10004a84       0x44 CMakeFiles/test.dir/home/pi/pico/pico-sdk/lib/tinyusb/src/portable/raspberrypi/rp2040/dcd_rp2040.c.obj
                0x10004a84                dcd_edpt0_status_complete
 .text.dcd_edpt_open
                0x10004ac8       0x40 CMakeFiles/test.dir/home/pi/pico/pico-sdk/lib/tinyusb/src/portable/raspberrypi/rp2040/dcd_rp2040.c.obj
                0x10004ac8                dcd_edpt_open
 .text.dcd_edpt_xfer
                0x10004b08       0x34 CMakeFiles/test.dir/home/pi/pico/pico-sdk/lib/tinyusb/src/portable/raspberrypi/rp2040/dcd_rp2040.c.obj
                0x10004b08                dcd_edpt_xfer
 .text.dcd_edpt_stall
                0x10004b3c       0x28 CMakeFiles/test.dir/home/pi/pico/pico-sdk/lib/tinyusb/src/portable/raspberrypi/rp2040/dcd_rp2040.c.obj
                0x10004b3c                dcd_edpt_stall
 .text.dcd_edpt_clear_stall
                0x10004b64       0x28 CMakeFiles/test.dir/home/pi/pico/pico-sdk/lib/tinyusb/src/portable/raspberrypi/rp2040/dcd_rp2040.c.obj
                0x10004b64                dcd_edpt_clear_stall
 .text.rp2040_usb_init
                0x10004b8c       0x50 CMakeFiles/test.dir/home/pi/pico/pico-sdk/lib/tinyusb/src/portable/raspberrypi/rp2040/rp2040_usb.c.obj
                0x10004b8c                rp2040_usb_init
 .text.hw_endpoint_reset_transfer
                0x10004bdc       0x14 CMakeFiles/test.dir/home/pi/pico/pico-sdk/lib/tinyusb/src/portable/raspberrypi/rp2040/rp2040_usb.c.obj
                0x10004bdc                hw_endpoint_reset_transfer
 .text._hw_endpoint_buffer_control_update32
                0x10004bf0       0x54 CMakeFiles/test.dir/home/pi/pico/pico-sdk/lib/tinyusb/src/portable/raspberrypi/rp2040/rp2040_usb.c.obj
                0x10004bf0                _hw_endpoint_buffer_control_update32
 .text._hw_endpoint_start_next_buffer
                0x10004c44       0x5a CMakeFiles/test.dir/home/pi/pico/pico-sdk/lib/tinyusb/src/portable/raspberrypi/rp2040/rp2040_usb.c.obj
                0x10004c44                _hw_endpoint_start_next_buffer
 .text._hw_endpoint_xfer_start
                0x10004c9e       0x46 CMakeFiles/test.dir/home/pi/pico/pico-sdk/lib/tinyusb/src/portable/raspberrypi/rp2040/rp2040_usb.c.obj
                0x10004c9e                _hw_endpoint_xfer_start
 .text._hw_endpoint_xfer_sync
                0x10004ce4       0x74 CMakeFiles/test.dir/home/pi/pico/pico-sdk/lib/tinyusb/src/portable/raspberrypi/rp2040/rp2040_usb.c.obj
                0x10004ce4                _hw_endpoint_xfer_sync
 .text._hw_endpoint_xfer_continue
                0x10004d58       0x58 CMakeFiles/test.dir/home/pi/pico/pico-sdk/lib/tinyusb/src/portable/raspberrypi/rp2040/rp2040_usb.c.obj
                0x10004d58                _hw_endpoint_xfer_continue
 .text._hw_endpoint_xfer
                0x10004db0       0x34 CMakeFiles/test.dir/home/pi/pico/pico-sdk/lib/tinyusb/src/portable/raspberrypi/rp2040/rp2040_usb.c.obj
                0x10004db0                _hw_endpoint_xfer
 .text.mark_interface_endpoint
                0x10004de4       0x2a CMakeFiles/test.dir/home/pi/pico/pico-sdk/lib/tinyusb/src/device/usbd.c.obj
 *fill*         0x10004e0e        0x2 
 .text.usbd_reset
                0x10004e10       0x8c CMakeFiles/test.dir/home/pi/pico/pico-sdk/lib/tinyusb/src/device/usbd.c.obj
 .text.invoke_class_control
                0x10004e9c       0x18 CMakeFiles/test.dir/home/pi/pico/pico-sdk/lib/tinyusb/src/device/usbd.c.obj
 .text.process_set_config
                0x10004eb4      0x1d8 CMakeFiles/test.dir/home/pi/pico/pico-sdk/lib/tinyusb/src/device/usbd.c.obj
 .text.process_get_descriptor
                0x1000508c      0x100 CMakeFiles/test.dir/home/pi/pico/pico-sdk/lib/tinyusb/src/device/usbd.c.obj
 .text.tud_mounted
                0x1000518c       0x10 CMakeFiles/test.dir/home/pi/pico/pico-sdk/lib/tinyusb/src/device/usbd.c.obj
                0x1000518c                tud_mounted
 .text.tud_suspended
                0x1000519c       0x10 CMakeFiles/test.dir/home/pi/pico/pico-sdk/lib/tinyusb/src/device/usbd.c.obj
                0x1000519c                tud_suspended
 .text.tud_init
                0x100051ac       0xb8 CMakeFiles/test.dir/home/pi/pico/pico-sdk/lib/tinyusb/src/device/usbd.c.obj
                0x100051ac                tud_init
 .text.dcd_event_handler
                0x10005264      0x1c0 CMakeFiles/test.dir/home/pi/pico/pico-sdk/lib/tinyusb/src/device/usbd.c.obj
                0x10005264                dcd_event_handler
 .text.dcd_event_bus_signal
                0x10005424       0x28 CMakeFiles/test.dir/home/pi/pico/pico-sdk/lib/tinyusb/src/device/usbd.c.obj
                0x10005424                dcd_event_bus_signal
 .text.dcd_event_setup_received
                0x1000544c       0x34 CMakeFiles/test.dir/home/pi/pico/pico-sdk/lib/tinyusb/src/device/usbd.c.obj
                0x1000544c                dcd_event_setup_received
 .text.dcd_event_xfer_complete
                0x10005480       0x46 CMakeFiles/test.dir/home/pi/pico/pico-sdk/lib/tinyusb/src/device/usbd.c.obj
                0x10005480                dcd_event_xfer_complete
 .text.usbd_edpt_open
                0x100054c6        0x8 CMakeFiles/test.dir/home/pi/pico/pico-sdk/lib/tinyusb/src/device/usbd.c.obj
                0x100054c6                usbd_edpt_open
 *fill*         0x100054ce        0x2 
 .text.usbd_open_edpt_pair
                0x100054d0       0x84 CMakeFiles/test.dir/home/pi/pico/pico-sdk/lib/tinyusb/src/device/usbd.c.obj
                0x100054d0                usbd_open_edpt_pair
 .text.usbd_edpt_claim
                0x10005554       0x88 CMakeFiles/test.dir/home/pi/pico/pico-sdk/lib/tinyusb/src/device/usbd.c.obj
                0x10005554                usbd_edpt_claim
 .text.usbd_edpt_release
                0x100055dc       0x68 CMakeFiles/test.dir/home/pi/pico/pico-sdk/lib/tinyusb/src/device/usbd.c.obj
                0x100055dc                usbd_edpt_release
 .text.usbd_edpt_xfer
                0x10005644       0x80 CMakeFiles/test.dir/home/pi/pico/pico-sdk/lib/tinyusb/src/device/usbd.c.obj
                0x10005644                usbd_edpt_xfer
 .text.usbd_edpt_stall
                0x100056c4       0x2c CMakeFiles/test.dir/home/pi/pico/pico-sdk/lib/tinyusb/src/device/usbd.c.obj
                0x100056c4                usbd_edpt_stall
 .text.usbd_edpt_clear_stall
                0x100056f0       0x2c CMakeFiles/test.dir/home/pi/pico/pico-sdk/lib/tinyusb/src/device/usbd.c.obj
                0x100056f0                usbd_edpt_clear_stall
 .text.usbd_edpt_stalled
                0x1000571c       0x1c CMakeFiles/test.dir/home/pi/pico/pico-sdk/lib/tinyusb/src/device/usbd.c.obj
                0x1000571c                usbd_edpt_stalled
 .text.process_control_request
                0x10005738      0x37c CMakeFiles/test.dir/home/pi/pico/pico-sdk/lib/tinyusb/src/device/usbd.c.obj
 .text.tud_task
                0x10005ab4      0x204 CMakeFiles/test.dir/home/pi/pico/pico-sdk/lib/tinyusb/src/device/usbd.c.obj
                0x10005ab4                tud_task
 .text._data_stage_xact
                0x10005cb8       0x58 CMakeFiles/test.dir/home/pi/pico/pico-sdk/lib/tinyusb/src/device/usbd_control.c.obj
 .text.tud_control_status
                0x10005d10       0x38 CMakeFiles/test.dir/home/pi/pico/pico-sdk/lib/tinyusb/src/device/usbd_control.c.obj
                0x10005d10                tud_control_status
 .text.tud_control_xfer
                0x10005d48       0xa4 CMakeFiles/test.dir/home/pi/pico/pico-sdk/lib/tinyusb/src/device/usbd_control.c.obj
                0x10005d48                tud_control_xfer
 .text.usbd_control_reset
                0x10005dec       0x14 CMakeFiles/test.dir/home/pi/pico/pico-sdk/lib/tinyusb/src/device/usbd_control.c.obj
                0x10005dec                usbd_control_reset
 .text.usbd_control_set_complete_callback
                0x10005e00        0xc CMakeFiles/test.dir/home/pi/pico/pico-sdk/lib/tinyusb/src/device/usbd_control.c.obj
                0x10005e00                usbd_control_set_complete_callback
 .text.usbd_control_set_request
                0x10005e0c       0x1c CMakeFiles/test.dir/home/pi/pico/pico-sdk/lib/tinyusb/src/device/usbd_control.c.obj
                0x10005e0c                usbd_control_set_request
 .text.usbd_control_xfer_cb
                0x10005e28       0xec CMakeFiles/test.dir/home/pi/pico/pico-sdk/lib/tinyusb/src/device/usbd_control.c.obj
                0x10005e28                usbd_control_xfer_cb
 .text._prep_out_transaction
                0x10005f14       0x46 CMakeFiles/test.dir/home/pi/pico/pico-sdk/lib/tinyusb/src/class/cdc/cdc_device.c.obj
 *fill*         0x10005f5a        0x2 
 .text.tud_cdc_n_connected
                0x10005f5c       0x48 CMakeFiles/test.dir/home/pi/pico/pico-sdk/lib/tinyusb/src/class/cdc/cdc_device.c.obj
                0x10005f5c                tud_cdc_n_connected
 .text.tud_cdc_n_available
                0x10005fa4       0x1c CMakeFiles/test.dir/home/pi/pico/pico-sdk/lib/tinyusb/src/class/cdc/cdc_device.c.obj
                0x10005fa4                tud_cdc_n_available
 .text.tud_cdc_n_read
                0x10005fc0       0x30 CMakeFiles/test.dir/home/pi/pico/pico-sdk/lib/tinyusb/src/class/cdc/cdc_device.c.obj
                0x10005fc0                tud_cdc_n_read
 .text.tud_cdc_n_write_flush
                0x10005ff0       0xc4 CMakeFiles/test.dir/home/pi/pico/pico-sdk/lib/tinyusb/src/class/cdc/cdc_device.c.obj
                0x10005ff0                tud_cdc_n_write_flush
 .text.tud_cdc_n_write
                0x100060b4       0x38 CMakeFiles/test.dir/home/pi/pico/pico-sdk/lib/tinyusb/src/class/cdc/cdc_device.c.obj
                0x100060b4                tud_cdc_n_write
 .text.tud_cdc_n_write_available
                0x100060ec       0x1c CMakeFiles/test.dir/home/pi/pico/pico-sdk/lib/tinyusb/src/class/cdc/cdc_device.c.obj
                0x100060ec                tud_cdc_n_write_available
 .text.cdcd_init
                0x10006108       0xd4 CMakeFiles/test.dir/home/pi/pico/pico-sdk/lib/tinyusb/src/class/cdc/cdc_device.c.obj
                0x10006108                cdcd_init
 .text.cdcd_reset
                0x100061dc       0x44 CMakeFiles/test.dir/home/pi/pico/pico-sdk/lib/tinyusb/src/class/cdc/cdc_device.c.obj
                0x100061dc                cdcd_reset
 .text.cdcd_open
                0x10006220      0x110 CMakeFiles/test.dir/home/pi/pico/pico-sdk/lib/tinyusb/src/class/cdc/cdc_device.c.obj
                0x10006220                cdcd_open
 .text.cdcd_control_complete
                0x10006330       0x60 CMakeFiles/test.dir/home/pi/pico/pico-sdk/lib/tinyusb/src/class/cdc/cdc_device.c.obj
                0x10006330                cdcd_control_complete
 .text.cdcd_control_request
                0x10006390       0x9c CMakeFiles/test.dir/home/pi/pico/pico-sdk/lib/tinyusb/src/class/cdc/cdc_device.c.obj
                0x10006390                cdcd_control_request
 .text.cdcd_xfer_cb
                0x1000642c      0x134 CMakeFiles/test.dir/home/pi/pico/pico-sdk/lib/tinyusb/src/class/cdc/cdc_device.c.obj
                0x1000642c                cdcd_xfer_cb
 .text.tusb_init
                0x10006560       0x38 CMakeFiles/test.dir/home/pi/pico/pico-sdk/lib/tinyusb/src/tusb.c.obj
                0x10006560                tusb_init
 .text.tusb_inited
                0x10006598        0xc CMakeFiles/test.dir/home/pi/pico/pico-sdk/lib/tinyusb/src/tusb.c.obj
                0x10006598                tusb_inited
 .text.advance_pointer
                0x100065a4       0x20 CMakeFiles/test.dir/home/pi/pico/pico-sdk/lib/tinyusb/src/common/tusb_fifo.c.obj
 .text.backward_pointer
                0x100065c4       0x20 CMakeFiles/test.dir/home/pi/pico/pico-sdk/lib/tinyusb/src/common/tusb_fifo.c.obj
 .text.get_relative_pointer
                0x100065e4       0x16 CMakeFiles/test.dir/home/pi/pico/pico-sdk/lib/tinyusb/src/common/tusb_fifo.c.obj
 .text.tu_fifo_lock
                0x100065fa       0x12 CMakeFiles/test.dir/home/pi/pico/pico-sdk/lib/tinyusb/src/common/tusb_fifo.c.obj
 .text.tu_fifo_unlock
                0x1000660c        0xe CMakeFiles/test.dir/home/pi/pico/pico-sdk/lib/tinyusb/src/common/tusb_fifo.c.obj
 .text._tu_fifo_peek_at
                0x1000661a       0x5e CMakeFiles/test.dir/home/pi/pico/pico-sdk/lib/tinyusb/src/common/tusb_fifo.c.obj
 .text._ff_pull_n
                0x10006678       0x4a CMakeFiles/test.dir/home/pi/pico/pico-sdk/lib/tinyusb/src/common/tusb_fifo.c.obj
 .text._tu_fifo_peek_at_n
                0x100066c2       0x72 CMakeFiles/test.dir/home/pi/pico/pico-sdk/lib/tinyusb/src/common/tusb_fifo.c.obj
 .text._ff_push_n
                0x10006734       0x4a CMakeFiles/test.dir/home/pi/pico/pico-sdk/lib/tinyusb/src/common/tusb_fifo.c.obj
 .text.tu_fifo_config
                0x1000677e       0x48 CMakeFiles/test.dir/home/pi/pico/pico-sdk/lib/tinyusb/src/common/tusb_fifo.c.obj
                0x1000677e                tu_fifo_config
 .text.tu_fifo_count
                0x100067c6       0x1a CMakeFiles/test.dir/home/pi/pico/pico-sdk/lib/tinyusb/src/common/tusb_fifo.c.obj
                0x100067c6                tu_fifo_count
 .text.tu_fifo_remaining
                0x100067e0       0x20 CMakeFiles/test.dir/home/pi/pico/pico-sdk/lib/tinyusb/src/common/tusb_fifo.c.obj
                0x100067e0                tu_fifo_remaining
 .text.tu_fifo_read
                0x10006800       0x3a CMakeFiles/test.dir/home/pi/pico/pico-sdk/lib/tinyusb/src/common/tusb_fifo.c.obj
                0x10006800                tu_fifo_read
 .text.tu_fifo_read_n
                0x1000683a       0x3e CMakeFiles/test.dir/home/pi/pico/pico-sdk/lib/tinyusb/src/common/tusb_fifo.c.obj
                0x1000683a                tu_fifo_read_n
 .text.tu_fifo_write
                0x10006878       0x5c CMakeFiles/test.dir/home/pi/pico/pico-sdk/lib/tinyusb/src/common/tusb_fifo.c.obj
                0x10006878                tu_fifo_write
 .text.tu_fifo_write_n
                0x100068d4       0x7c CMakeFiles/test.dir/home/pi/pico/pico-sdk/lib/tinyusb/src/common/tusb_fifo.c.obj
                0x100068d4                tu_fifo_write_n
 .text.tu_fifo_clear
                0x10006950       0x18 CMakeFiles/test.dir/home/pi/pico/pico-sdk/lib/tinyusb/src/common/tusb_fifo.c.obj
                0x10006950                tu_fifo_clear
 .text          0x10006968       0x64 /usr/lib/gcc/arm-none-eabi/7.3.1/../../../arm-none-eabi/lib/thumb/v6-m/libg.a(lib_a-strlen-stub.o)
                0x10006968                strlen
 *(.fini)
 .fini          0x100069cc        0x4 /usr/lib/gcc/arm-none-eabi/7.3.1/thumb/v6-m/crti.o
                0x100069cc                _fini
 .fini.__stub   0x100069d0       0x60 linker stubs
 *crtbegin.o(.ctors)
 *crtbegin?.o(.ctors)
 *(EXCLUDE_FILE(*crtend.o *crtend?.o) .ctors)
 *(SORT_BY_NAME(.ctors.*))
 *(.ctors)
 *crtbegin.o(.dtors)
 *crtbegin?.o(.dtors)
 *(EXCLUDE_FILE(*crtend.o *crtend?.o) .dtors)
 *(SORT_BY_NAME(.dtors.*))
 *(.dtors)
 *(.eh_frame*)
 .eh_frame      0x10006a30        0x0 /usr/lib/gcc/arm-none-eabi/7.3.1/thumb/v6-m/crtbegin.o
                0x10006a30                . = ALIGN (0x4)

.glue_7         0x10006a30        0x0
 .glue_7        0x10006a30        0x0 linker stubs

.glue_7t        0x10006a30        0x0
 .glue_7t       0x10006a30        0x0 linker stubs

.vfp11_veneer   0x10006a30        0x0
 .vfp11_veneer  0x10006a30        0x0 linker stubs

.v4_bx          0x10006a30        0x0
 .v4_bx         0x10006a30        0x0 linker stubs

.iplt           0x10006a30        0x0
 .iplt          0x10006a30        0x0 /usr/lib/gcc/arm-none-eabi/7.3.1/thumb/v6-m/crtbegin.o

.rodata         0x10006a30     0x13dc
 *(EXCLUDE_FILE(*libm.a: *libc.a:*lib_a-mem*.o *libgcc.a:) .rodata*)
 .rodata.__bi_16.5960
                0x10006a30        0xc CMakeFiles/test.dir/test.c.obj
 .rodata.__bi_17.5963
                0x10006a3c        0xc CMakeFiles/test.dir/test.c.obj
 .rodata.main.str1.4
                0x10006a48       0x25 CMakeFiles/test.dir/test.c.obj
 *fill*         0x10006a6d        0x3 
 .rodata.str1.4
                0x10006a70       0x25 CMakeFiles/test.dir/test.c.obj
 *fill*         0x10006a95        0x3 
 .rodata.emulate_initialize.str1.4
                0x10006a98        0xc CMakeFiles/test.dir/emulate.c.obj
 .rodata.spin_lock_claim_unused.str1.4
                0x10006aa4       0x1b CMakeFiles/test.dir/home/pi/pico/pico-sdk/src/rp2_common/hardware_sync/sync.c.obj
 *fill*         0x10006abf        0x1 
 .rodata.__func__.5876
                0x10006ac0        0xc CMakeFiles/test.dir/home/pi/pico/pico-sdk/src/common/pico_time/time.c.obj
 .rodata.__func__.5883
                0x10006acc       0x12 CMakeFiles/test.dir/home/pi/pico/pico-sdk/src/common/pico_time/time.c.obj
 *fill*         0x10006ade        0x2 
 .rodata.__func__.5899
                0x10006ae0        0xf CMakeFiles/test.dir/home/pi/pico/pico-sdk/src/common/pico_time/time.c.obj
 *fill*         0x10006aef        0x1 
 .rodata.__func__.5921
                0x10006af0        0xd CMakeFiles/test.dir/home/pi/pico/pico-sdk/src/common/pico_time/time.c.obj
 *fill*         0x10006afd        0x3 
 .rodata.__func__.6041
                0x10006b00        0xa CMakeFiles/test.dir/home/pi/pico/pico-sdk/src/common/pico_time/time.c.obj
 *fill*         0x10006b0a        0x2 
 .rodata.__func__.6046
                0x10006b0c       0x12 CMakeFiles/test.dir/home/pi/pico/pico-sdk/src/common/pico_time/time.c.obj
 *fill*         0x10006b1e        0x2 
 .rodata.__func__.6061
                0x10006b20       0x17 CMakeFiles/test.dir/home/pi/pico/pico-sdk/src/common/pico_time/time.c.obj
 *fill*         0x10006b37        0x1 
 .rodata.__func__.6072
                0x10006b38       0x15 CMakeFiles/test.dir/home/pi/pico/pico-sdk/src/common/pico_time/time.c.obj
 *fill*         0x10006b4d        0x3 
 .rodata.__func__.6089
                0x10006b50       0x1a CMakeFiles/test.dir/home/pi/pico/pico-sdk/src/common/pico_time/time.c.obj
 *fill*         0x10006b6a        0x2 
 .rodata.__func__.6128
                0x10006b6c       0x18 CMakeFiles/test.dir/home/pi/pico/pico-sdk/src/common/pico_time/time.c.obj
 .rodata.add_alarm_under_lock.str1.4
                0x10006b84       0x28 CMakeFiles/test.dir/home/pi/pico/pico-sdk/src/common/pico_time/time.c.obj
                                 0x2b (size before relaxing)
 .rodata.alarm_pool_alarm_callback.str1.4
                0x10006bac       0x82 CMakeFiles/test.dir/home/pi/pico/pico-sdk/src/common/pico_time/time.c.obj
 *fill*         0x10006c2e        0x2 
 .rodata.alarm_pool_cancel_alarm.str1.4
                0x10006c30       0x27 CMakeFiles/test.dir/home/pi/pico/pico-sdk/src/common/pico_time/time.c.obj
 *fill*         0x10006c57        0x1 
 .rodata.alarm_pool_get_default.str1.4
                0x10006c58       0x21 CMakeFiles/test.dir/home/pi/pico/pico-sdk/src/common/pico_time/time.c.obj
 *fill*         0x10006c79        0x3 
 .rodata.ph_add_child_node.str1.4
                0x10006c7c       0x92 CMakeFiles/test.dir/home/pi/pico/pico-sdk/src/common/pico_time/time.c.obj
 *fill*         0x10006d0e        0x2 
 .rodata.repeating_timer_callback.str1.4
                0x10006d10       0x47 CMakeFiles/test.dir/home/pi/pico/pico-sdk/src/common/pico_time/time.c.obj
 *fill*         0x10006d57        0x1 
 .rodata.sleep_until.str1.4
                0x10006d58       0x4d CMakeFiles/test.dir/home/pi/pico/pico-sdk/src/common/pico_time/time.c.obj
 *fill*         0x10006da5        0x3 
 .rodata.timer_pool_entry_comparator.str1.4
                0x10006da8       0x22 CMakeFiles/test.dir/home/pi/pico/pico-sdk/src/common/pico_time/time.c.obj
 *fill*         0x10006dca        0x2 
 .rodata.__func__.4492
                0x10006dcc       0x1a CMakeFiles/test.dir/home/pi/pico/pico-sdk/src/rp2_common/hardware_timer/timer.c.obj
 *fill*         0x10006de6        0x2 
 .rodata.hardware_alarm_claim.str1.4
                0x10006de8       0x22 CMakeFiles/test.dir/home/pi/pico/pico-sdk/src/rp2_common/hardware_timer/timer.c.obj
 *fill*         0x10006e0a        0x2 
 .rodata.hardware_alarm_set_target.str1.4
                0x10006e0c       0x61 CMakeFiles/test.dir/home/pi/pico/pico-sdk/src/rp2_common/hardware_timer/timer.c.obj
 *fill*         0x10006e6d        0x3 
 .rodata.__func__.4548
                0x10006e70       0x15 CMakeFiles/test.dir/home/pi/pico/pico-sdk/src/common/pico_sync/mutex.c.obj
 *fill*         0x10006e85        0x3 
 .rodata.__func__.4567
                0x10006e88       0x18 CMakeFiles/test.dir/home/pi/pico/pico-sdk/src/common/pico_sync/mutex.c.obj
 .rodata.__func__.4576
                0x10006ea0        0xb CMakeFiles/test.dir/home/pi/pico/pico-sdk/src/common/pico_sync/mutex.c.obj
 *fill*         0x10006eab        0x1 
 .rodata.str1.4
                0x10006eac       0x58 CMakeFiles/test.dir/home/pi/pico/pico-sdk/src/common/pico_sync/mutex.c.obj
 .rodata.__func__.5652
                0x10006f04        0xc CMakeFiles/test.dir/home/pi/pico/pico-sdk/src/common/pico_util/pheap.c.obj
 .rodata.__func__.5659
                0x10006f10       0x12 CMakeFiles/test.dir/home/pi/pico/pico-sdk/src/common/pico_util/pheap.c.obj
 *fill*         0x10006f22        0x2 
 .rodata.__func__.5745
                0x10006f24       0x13 CMakeFiles/test.dir/home/pi/pico/pico-sdk/src/common/pico_util/pheap.c.obj
 *fill*         0x10006f37        0x1 
 .rodata.__func__.5763
                0x10006f38       0x18 CMakeFiles/test.dir/home/pi/pico/pico-sdk/src/common/pico_util/pheap.c.obj
 .rodata.ph_add_child_node.str1.4
                0x10006f50       0x92 CMakeFiles/test.dir/home/pi/pico/pico-sdk/src/common/pico_util/pheap.c.obj
 .rodata.ph_remove_and_free_node.str1.4
                0x10006f50       0x26 CMakeFiles/test.dir/home/pi/pico/pico-sdk/src/common/pico_util/pheap.c.obj
 *fill*         0x10006f76        0x2 
 .rodata.ph_remove_any_head.str1.4
                0x10006f78       0x88 CMakeFiles/test.dir/home/pi/pico/pico-sdk/src/common/pico_util/pheap.c.obj
 .rodata.__assert_func.str1.4
                0x10007000       0x3f CMakeFiles/test.dir/home/pi/pico/pico-sdk/src/rp2_common/pico_runtime/runtime.c.obj
                                 0x43 (size before relaxing)
 *fill*         0x1000703f        0x1 
 .rodata.panic.str1.4
                0x10007040       0x12 CMakeFiles/test.dir/home/pi/pico/pico-sdk/src/rp2_common/pico_runtime/runtime.c.obj
 *fill*         0x10007052        0x2 
 .rodata.__func__.4612
                0x10007054       0x10 CMakeFiles/test.dir/home/pi/pico/pico-sdk/src/rp2_common/hardware_clocks/clocks.c.obj
 .rodata.clock_configure.str1.4
                0x10007064       0x53 CMakeFiles/test.dir/home/pi/pico/pico-sdk/src/rp2_common/hardware_clocks/clocks.c.obj
 *fill*         0x100070b7        0x1 
 .rodata.__func__.4342
                0x100070b8        0x9 CMakeFiles/test.dir/home/pi/pico/pico-sdk/src/rp2_common/hardware_pll/pll.c.obj
 *fill*         0x100070c1        0x3 
 .rodata.pll_init.str1.4
                0x100070c4       0xd7 CMakeFiles/test.dir/home/pi/pico/pico-sdk/src/rp2_common/hardware_pll/pll.c.obj
 *fill*         0x1000719b        0x1 
 .rodata.__func__.4452
                0x1000719c       0x1a CMakeFiles/test.dir/home/pi/pico/pico-sdk/src/rp2_common/hardware_irq/irq.c.obj
 *fill*         0x100071b6        0x2 
 .rodata.__func__.4466
                0x100071b8        0xc CMakeFiles/test.dir/home/pi/pico/pico-sdk/src/rp2_common/hardware_irq/irq.c.obj
 .rodata.__func__.4474
                0x100071c4       0x17 CMakeFiles/test.dir/home/pi/pico/pico-sdk/src/rp2_common/hardware_irq/irq.c.obj
 *fill*         0x100071db        0x1 
 .rodata.__func__.4478
                0x100071dc        0xf CMakeFiles/test.dir/home/pi/pico/pico-sdk/src/rp2_common/hardware_irq/irq.c.obj
 *fill*         0x100071eb        0x1 
 .rodata.__func__.4517
                0x100071ec       0x13 CMakeFiles/test.dir/home/pi/pico/pico-sdk/src/rp2_common/hardware_irq/irq.c.obj
 *fill*         0x100071ff        0x1 
 .rodata.__func__.4536
                0x10007200       0x1a CMakeFiles/test.dir/home/pi/pico/pico-sdk/src/rp2_common/hardware_irq/irq.c.obj
 *fill*         0x1000721a        0x2 
 .rodata.irq_add_shared_handler.str1.4
                0x1000721c       0xd9 CMakeFiles/test.dir/home/pi/pico/pico-sdk/src/rp2_common/hardware_irq/irq.c.obj
 *fill*         0x100072f5        0x3 
 .rodata.irq_add_tail_to_free_list.str1.4
                0x100072f8       0x32 CMakeFiles/test.dir/home/pi/pico/pico-sdk/src/rp2_common/hardware_irq/irq.c.obj
                                 0x3a (size before relaxing)
 *fill*         0x1000732a        0x2 
 .rodata.irq_remove_handler.str1.4
                0x1000732c       0x2a CMakeFiles/test.dir/home/pi/pico/pico-sdk/src/rp2_common/hardware_irq/irq.c.obj
 *fill*         0x10007356        0x2 
 .rodata.irq_set_exclusive_handler.str1.4
                0x10007358       0x36 CMakeFiles/test.dir/home/pi/pico/pico-sdk/src/rp2_common/hardware_irq/irq.c.obj
 *fill*         0x1000738e        0x2 
 .rodata.make_branch.str1.4
                0x10007390       0x49 CMakeFiles/test.dir/home/pi/pico/pico-sdk/src/rp2_common/hardware_irq/irq.c.obj
 *fill*         0x100073d9        0x3 
 .rodata._vsnprintf
                0x100073dc      0x1e0 CMakeFiles/test.dir/home/pi/pico/pico-sdk/src/rp2_common/pico_printf/printf.c.obj
 .rodata._ftoa.str1.4
                0x100075bc       0x15 CMakeFiles/test.dir/home/pi/pico/pico-sdk/src/rp2_common/pico_printf/printf.c.obj
 *fill*         0x100075d1        0x7 
 .rodata.pow10.5366
                0x100075d8       0x50 CMakeFiles/test.dir/home/pi/pico/pico-sdk/src/rp2_common/pico_printf/printf.c.obj
 .rodata.__aeabi_double_init.str1.4
                0x10007628       0xa4 CMakeFiles/test.dir/home/pi/pico/pico-sdk/src/rp2_common/pico_double/double_init_rom.c.obj
 .rodata.__func__.4625
                0x100076cc       0x14 CMakeFiles/test.dir/home/pi/pico/pico-sdk/src/rp2_common/pico_double/double_init_rom.c.obj
 .rodata.__aeabi_float_init.str1.4
                0x100076e0       0x76 CMakeFiles/test.dir/home/pi/pico/pico-sdk/src/rp2_common/pico_float/float_init_rom.c.obj
                                 0x7a (size before relaxing)
 *fill*         0x10007756        0x2 
 .rodata.__func__.4627
                0x10007758       0x13 CMakeFiles/test.dir/home/pi/pico/pico-sdk/src/rp2_common/pico_float/float_init_rom.c.obj
 *fill*         0x1000776b        0x1 
 .rodata.__bi_40
                0x1000776c        0xc CMakeFiles/test.dir/home/pi/pico/pico-sdk/src/rp2_common/pico_standard_link/binary_info.c.obj
 .rodata.__bi_71
                0x10007778        0xc CMakeFiles/test.dir/home/pi/pico/pico-sdk/src/rp2_common/pico_standard_link/binary_info.c.obj
 .rodata.__bi_77
                0x10007784        0xc CMakeFiles/test.dir/home/pi/pico/pico-sdk/src/rp2_common/pico_standard_link/binary_info.c.obj
 .rodata.str1.4
                0x10007790       0x3c CMakeFiles/test.dir/home/pi/pico/pico-sdk/src/rp2_common/pico_standard_link/binary_info.c.obj
 .rodata.crlf_str.5794
                0x100077cc        0x2 CMakeFiles/test.dir/home/pi/pico/pico-sdk/src/rp2_common/pico_stdio/stdio.c.obj
 *fill*         0x100077ce        0x2 
 .rodata._resetd_driver
                0x100077d0       0x1c CMakeFiles/test.dir/home/pi/pico/pico-sdk/src/rp2_common/pico_stdio_usb/reset_interface.c.obj
 .rodata.__bi_92.6993
                0x100077ec        0xc CMakeFiles/test.dir/home/pi/pico/pico-sdk/src/rp2_common/pico_stdio_usb/stdio_usb.c.obj
 .rodata.str1.4
                0x100077f8       0x13 CMakeFiles/test.dir/home/pi/pico/pico-sdk/src/rp2_common/pico_stdio_usb/stdio_usb.c.obj
 *fill*         0x1000780b        0x1 
 .rodata.str1.4
                0x1000780c       0x3a CMakeFiles/test.dir/home/pi/pico/pico-sdk/src/rp2_common/pico_stdio_usb/stdio_usb_descriptors.c.obj
 *fill*         0x10007846        0x2 
 .rodata.usbd_desc_cfg
                0x10007848       0x54 CMakeFiles/test.dir/home/pi/pico/pico-sdk/src/rp2_common/pico_stdio_usb/stdio_usb_descriptors.c.obj
 .rodata.usbd_desc_device
                0x1000789c       0x12 CMakeFiles/test.dir/home/pi/pico/pico-sdk/src/rp2_common/pico_stdio_usb/stdio_usb_descriptors.c.obj
 *fill*         0x100078ae        0x2 
 .rodata.usbd_desc_str
                0x100078b0       0x18 CMakeFiles/test.dir/home/pi/pico/pico-sdk/src/rp2_common/pico_stdio_usb/stdio_usb_descriptors.c.obj
 .rodata.__func__.6704
                0x100078c8       0x13 CMakeFiles/test.dir/home/pi/pico/pico-sdk/lib/tinyusb/src/portable/raspberrypi/rp2040/dcd_rp2040.c.obj
 *fill*         0x100078db        0x1 
 .rodata.__func__.6735
                0x100078dc       0x16 CMakeFiles/test.dir/home/pi/pico/pico-sdk/lib/tinyusb/src/portable/raspberrypi/rp2040/dcd_rp2040.c.obj
 *fill*         0x100078f2        0x2 
 .rodata.__func__.6756
                0x100078f4       0x13 CMakeFiles/test.dir/home/pi/pico/pico-sdk/lib/tinyusb/src/portable/raspberrypi/rp2040/dcd_rp2040.c.obj
 *fill*         0x10007907        0x1 
 .rodata.__func__.6777
                0x10007908        0x9 CMakeFiles/test.dir/home/pi/pico/pico-sdk/lib/tinyusb/src/portable/raspberrypi/rp2040/dcd_rp2040.c.obj
 *fill*         0x10007911        0x3 
 .rodata.__func__.6781
                0x10007914        0xf CMakeFiles/test.dir/home/pi/pico/pico-sdk/lib/tinyusb/src/portable/raspberrypi/rp2040/dcd_rp2040.c.obj
 *fill*         0x10007923        0x1 
 .rodata.__func__.6790
                0x10007924       0x10 CMakeFiles/test.dir/home/pi/pico/pico-sdk/lib/tinyusb/src/portable/raspberrypi/rp2040/dcd_rp2040.c.obj
 .rodata.__func__.6802
                0x10007934        0xc CMakeFiles/test.dir/home/pi/pico/pico-sdk/lib/tinyusb/src/portable/raspberrypi/rp2040/dcd_rp2040.c.obj
 .rodata.__func__.6807
                0x10007940       0x1a CMakeFiles/test.dir/home/pi/pico/pico-sdk/lib/tinyusb/src/portable/raspberrypi/rp2040/dcd_rp2040.c.obj
 *fill*         0x1000795a        0x2 
 .rodata.__func__.6812
                0x1000795c        0xe CMakeFiles/test.dir/home/pi/pico/pico-sdk/lib/tinyusb/src/portable/raspberrypi/rp2040/dcd_rp2040.c.obj
 *fill*         0x1000796a        0x2 
 .rodata.__func__.6819
                0x1000796c        0xe CMakeFiles/test.dir/home/pi/pico/pico-sdk/lib/tinyusb/src/portable/raspberrypi/rp2040/dcd_rp2040.c.obj
 *fill*         0x1000797a        0x2 
 .rodata.__func__.6824
                0x1000797c        0xf CMakeFiles/test.dir/home/pi/pico/pico-sdk/lib/tinyusb/src/portable/raspberrypi/rp2040/dcd_rp2040.c.obj
 *fill*         0x1000798b        0x1 
 .rodata.__func__.6829
                0x1000798c       0x15 CMakeFiles/test.dir/home/pi/pico/pico-sdk/lib/tinyusb/src/portable/raspberrypi/rp2040/dcd_rp2040.c.obj
 *fill*         0x100079a1        0x3 
 .rodata._hw_endpoint_alloc.str1.4
                0x100079a4       0xb1 CMakeFiles/test.dir/home/pi/pico/pico-sdk/lib/tinyusb/src/portable/raspberrypi/rp2040/dcd_rp2040.c.obj
 *fill*         0x10007a55        0x3 
 .rodata._hw_endpoint_init.str1.4
                0x10007a58       0x28 CMakeFiles/test.dir/home/pi/pico/pico-sdk/lib/tinyusb/src/portable/raspberrypi/rp2040/dcd_rp2040.c.obj
 .rodata._hw_endpoint_stall.str1.4
                0x10007a80        0xd CMakeFiles/test.dir/home/pi/pico/pico-sdk/lib/tinyusb/src/portable/raspberrypi/rp2040/dcd_rp2040.c.obj
 *fill*         0x10007a8d        0x3 
 .rodata.dcd_int_enable.str1.4
                0x10007a90        0xc CMakeFiles/test.dir/home/pi/pico/pico-sdk/lib/tinyusb/src/portable/raspberrypi/rp2040/dcd_rp2040.c.obj
 .rodata.dcd_rp2040_irq.str1.4
                0x10007a9c       0x14 CMakeFiles/test.dir/home/pi/pico/pico-sdk/lib/tinyusb/src/portable/raspberrypi/rp2040/dcd_rp2040.c.obj
 .rodata.hw_handle_buff_status.str1.4
                0x10007ab0        0xb CMakeFiles/test.dir/home/pi/pico/pico-sdk/lib/tinyusb/src/portable/raspberrypi/rp2040/dcd_rp2040.c.obj
 *fill*         0x10007abb        0x1 
 .rodata.__func__.6590
                0x10007abc       0x17 CMakeFiles/test.dir/home/pi/pico/pico-sdk/lib/tinyusb/src/portable/raspberrypi/rp2040/rp2040_usb.c.obj
 *fill*         0x10007ad3        0x1 
 .rodata.__func__.6601
                0x10007ad4       0x12 CMakeFiles/test.dir/home/pi/pico/pico-sdk/lib/tinyusb/src/portable/raspberrypi/rp2040/rp2040_usb.c.obj
 *fill*         0x10007ae6        0x2 
 .rodata._hw_endpoint_buffer_control_update32.str1.4
                0x10007ae8       0x1f CMakeFiles/test.dir/home/pi/pico/pico-sdk/lib/tinyusb/src/portable/raspberrypi/rp2040/rp2040_usb.c.obj
 *fill*         0x10007b07        0x1 
 .rodata._hw_endpoint_xfer.str1.4
                0x10007b08        0xf CMakeFiles/test.dir/home/pi/pico/pico-sdk/lib/tinyusb/src/portable/raspberrypi/rp2040/rp2040_usb.c.obj
 *fill*         0x10007b17        0x1 
 .rodata._hw_endpoint_xfer_continue.str1.4
                0x10007b18       0x50 CMakeFiles/test.dir/home/pi/pico/pico-sdk/lib/tinyusb/src/portable/raspberrypi/rp2040/rp2040_usb.c.obj
 .rodata._hw_endpoint_xfer_sync.str1.4
                0x10007b68       0x8d CMakeFiles/test.dir/home/pi/pico/pico-sdk/lib/tinyusb/src/portable/raspberrypi/rp2040/rp2040_usb.c.obj
 *fill*         0x10007bf5        0x3 
 .rodata.str1.4
                0x10007bf8        0x7 CMakeFiles/test.dir/home/pi/pico/pico-sdk/lib/tinyusb/src/portable/raspberrypi/rp2040/rp2040_usb.c.obj
 *fill*         0x10007bff        0x1 
 .rodata.process_get_descriptor
                0x10007c00       0x40 CMakeFiles/test.dir/home/pi/pico/pico-sdk/lib/tinyusb/src/device/usbd.c.obj
 .rodata.process_control_request
                0x10007c40       0x28 CMakeFiles/test.dir/home/pi/pico/pico-sdk/lib/tinyusb/src/device/usbd.c.obj
 .rodata.tud_task
                0x10007c68       0x24 CMakeFiles/test.dir/home/pi/pico/pico-sdk/lib/tinyusb/src/device/usbd.c.obj
 .rodata.__func__.6351
                0x10007c8c       0x13 CMakeFiles/test.dir/home/pi/pico/pico-sdk/lib/tinyusb/src/device/usbd.c.obj
 *fill*         0x10007c9f        0x1 
 .rodata.__func__.6358
                0x10007ca0       0x10 CMakeFiles/test.dir/home/pi/pico/pico-sdk/lib/tinyusb/src/device/usbd.c.obj
 .rodata.__func__.7128
                0x10007cb0        0x9 CMakeFiles/test.dir/home/pi/pico/pico-sdk/lib/tinyusb/src/device/usbd.c.obj
 *fill*         0x10007cb9        0x3 
 .rodata.__func__.7149
                0x10007cbc       0x18 CMakeFiles/test.dir/home/pi/pico/pico-sdk/lib/tinyusb/src/device/usbd.c.obj
 .rodata.__func__.7188
                0x10007cd4       0x13 CMakeFiles/test.dir/home/pi/pico/pico-sdk/lib/tinyusb/src/device/usbd.c.obj
 *fill*         0x10007ce7        0x1 
 .rodata.__func__.7231
                0x10007ce8       0x17 CMakeFiles/test.dir/home/pi/pico/pico-sdk/lib/tinyusb/src/device/usbd.c.obj
 *fill*         0x10007cff        0x1 
 .rodata.__func__.7285
                0x10007d00       0x14 CMakeFiles/test.dir/home/pi/pico/pico-sdk/lib/tinyusb/src/device/usbd.c.obj
 .rodata.__func__.7321
                0x10007d14        0xf CMakeFiles/test.dir/home/pi/pico/pico-sdk/lib/tinyusb/src/device/usbd.c.obj
 *fill*         0x10007d23        0x1 
 .rodata._usbd_driver
                0x10007d24       0x1c CMakeFiles/test.dir/home/pi/pico/pico-sdk/lib/tinyusb/src/device/usbd.c.obj
 .rodata.dcd_event_handler.str1.4
                0x10007d40       0x48 CMakeFiles/test.dir/home/pi/pico/pico-sdk/lib/tinyusb/src/device/usbd.c.obj
 .rodata.process_set_config.str1.4
                0x10007d88       0x18 CMakeFiles/test.dir/home/pi/pico/pico-sdk/lib/tinyusb/src/device/usbd.c.obj
                                 0x17 (size before relaxing)
 .rodata.__func__.7048
                0x10007da0       0x11 CMakeFiles/test.dir/home/pi/pico/pico-sdk/lib/tinyusb/src/device/usbd_control.c.obj
 *fill*         0x10007db1        0x3 
 .rodata.__func__.7066
                0x10007db4       0x15 CMakeFiles/test.dir/home/pi/pico/pico-sdk/lib/tinyusb/src/device/usbd_control.c.obj
 .rodata.tud_control_xfer.str1.4
                0x10007dc9       0x17 CMakeFiles/test.dir/home/pi/pico/pico-sdk/lib/tinyusb/src/device/usbd_control.c.obj
 *fill*         0x10007dc9        0x3 
 .rodata.__func__.6991
                0x10007dcc       0x16 CMakeFiles/test.dir/home/pi/pico/pico-sdk/lib/tinyusb/src/class/cdc/cdc_device.c.obj
 *fill*         0x10007de2        0x2 
 .rodata.__func__.7020
                0x10007de4        0xa CMakeFiles/test.dir/home/pi/pico/pico-sdk/lib/tinyusb/src/class/cdc/cdc_device.c.obj
 *fill*         0x10007dee        0x2 
 .rodata.__func__.7060
                0x10007df0        0xd CMakeFiles/test.dir/home/pi/pico/pico-sdk/lib/tinyusb/src/class/cdc/cdc_device.c.obj
 .rodata.tud_cdc_n_write_flush.str1.4
                0x10007dfd       0x17 CMakeFiles/test.dir/home/pi/pico/pico-sdk/lib/tinyusb/src/class/cdc/cdc_device.c.obj
 *fill*         0x10007dfd        0x3 
 .rodata.__func__.6928
                0x10007e00        0xa CMakeFiles/test.dir/home/pi/pico/pico-sdk/lib/tinyusb/src/tusb.c.obj
 .rodata.tusb_init.str1.4
                0x10007e0a       0x17 CMakeFiles/test.dir/home/pi/pico/pico-sdk/lib/tinyusb/src/tusb.c.obj
                0x10007e24                . = ALIGN (0x4)
 *fill*         0x10007e0a        0x2 
 *(SORT_BY_ALIGNMENT(SORT_BY_NAME(.flashdata*)))
                0x10007e0c                . = ALIGN (0x4)

.rel.dyn        0x10007e0c        0x0
 .rel.iplt      0x10007e0c        0x0 /usr/lib/gcc/arm-none-eabi/7.3.1/thumb/v6-m/crtbegin.o

.ARM.extab
 *(.ARM.extab* .gnu.linkonce.armextab.*)
                0x10007e0c                __exidx_start = .

.ARM.exidx
 *(.ARM.exidx* .gnu.linkonce.armexidx.*)
                0x10007e0c                __exidx_end = .
                0x10007e0c                . = ALIGN (0x4)
                0x10007e0c                __binary_info_start = .

.binary_info    0x10007e0c       0x28
 *(.binary_info.keep.*)
 .binary_info.keep.__bi_ptr16
                0x10007e0c        0x4 CMakeFiles/test.dir/test.c.obj
 .binary_info.keep.__bi_ptr17
                0x10007e10        0x4 CMakeFiles/test.dir/test.c.obj
 .binary_info.keep.__bi_ptr18
                0x10007e14        0x4 CMakeFiles/test.dir/home/pi/pico/pico-sdk/src/rp2_common/pico_standard_link/binary_info.c.obj
 .binary_info.keep.__bi_ptr26
                0x10007e18        0x4 CMakeFiles/test.dir/home/pi/pico/pico-sdk/src/rp2_common/pico_standard_link/binary_info.c.obj
 .binary_info.keep.__bi_ptr34
                0x10007e1c        0x4 CMakeFiles/test.dir/home/pi/pico/pico-sdk/src/rp2_common/pico_standard_link/binary_info.c.obj
 .binary_info.keep.__bi_ptr40
                0x10007e20        0x4 CMakeFiles/test.dir/home/pi/pico/pico-sdk/src/rp2_common/pico_standard_link/binary_info.c.obj
 .binary_info.keep.__bi_ptr46
                0x10007e24        0x4 CMakeFiles/test.dir/home/pi/pico/pico-sdk/src/rp2_common/pico_standard_link/binary_info.c.obj
 .binary_info.keep.__bi_ptr71
                0x10007e28        0x4 CMakeFiles/test.dir/home/pi/pico/pico-sdk/src/rp2_common/pico_standard_link/binary_info.c.obj
 .binary_info.keep.__bi_ptr77
                0x10007e2c        0x4 CMakeFiles/test.dir/home/pi/pico/pico-sdk/src/rp2_common/pico_standard_link/binary_info.c.obj
 *(.binary_info.*)
 .binary_info.__bi_ptr92
                0x10007e30        0x4 CMakeFiles/test.dir/home/pi/pico/pico-sdk/src/rp2_common/pico_stdio_usb/stdio_usb.c.obj
                0x10007e34                __binary_info_end = .
                0x10007e34                . = ALIGN (0x4)
                0x10007e34                __etext = .

.ram_vector_table
                0x20000000       0xc0
 *(.ram_vector_table)
 .ram_vector_table
                0x20000000       0xc0 CMakeFiles/test.dir/home/pi/pico/pico-sdk/src/rp2_common/pico_runtime/runtime.c.obj
                0x20000000                ram_vector_table

.data           0x200000c0      0x2e8 load address 0x10007e34
                0x200000c0                __data_start__ = .
 *(vtable)
 *(.time_critical*)
 .time_critical.mutex_enter_blocking
                0x200000c0       0x64 CMakeFiles/test.dir/home/pi/pico/pico-sdk/src/common/pico_sync/mutex.c.obj
                0x200000c0                mutex_enter_blocking
 .time_critical.mutex_try_enter
                0x20000124       0x48 CMakeFiles/test.dir/home/pi/pico/pico-sdk/src/common/pico_sync/mutex.c.obj
                0x20000124                mutex_try_enter
 .time_critical.mutex_enter_block_until
                0x2000016c       0x7c CMakeFiles/test.dir/home/pi/pico/pico-sdk/src/common/pico_sync/mutex.c.obj
                0x2000016c                mutex_enter_block_until
 .time_critical.mutex_enter_timeout_ms
                0x200001e8       0x40 CMakeFiles/test.dir/home/pi/pico/pico-sdk/src/common/pico_sync/mutex.c.obj
                0x200001e8                mutex_enter_timeout_ms
 .time_critical.mutex_exit
                0x20000228       0x4c CMakeFiles/test.dir/home/pi/pico/pico-sdk/src/common/pico_sync/mutex.c.obj
                0x20000228                mutex_exit
 *(.text*)
 .text          0x20000274        0x4 /usr/lib/gcc/arm-none-eabi/7.3.1/thumb/v6-m/libgcc.a(_dvmd_tls.o)
                0x20000274                __aeabi_ldiv0
                0x20000274                __aeabi_idiv0
 .text.__stub   0x20000278       0x40 linker stubs
                0x200002b8                . = ALIGN (0x4)
 *(.rodata*)
                0x200002b8                . = ALIGN (0x4)
 *(.data*)
 .data.code_file1
                0x200002b8        0x3 CMakeFiles/test.dir/test.c.obj
                0x200002b8                code_file1
 .data.striped_spin_lock_num
                0x200002bb        0x1 CMakeFiles/test.dir/home/pi/pico/pico-sdk/src/rp2_common/hardware_sync/sync.c.obj
 .data.default_alarm_pool
                0x200002bc       0x18 CMakeFiles/test.dir/home/pi/pico/pico-sdk/src/common/pico_time/time.c.obj
 .data.default_alarm_pool_heap
                0x200002d4       0x10 CMakeFiles/test.dir/home/pi/pico/pico-sdk/src/common/pico_time/time.c.obj
 .data          0x200002e4       0x48 CMakeFiles/test.dir/home/pi/pico/pico-sdk/src/rp2_common/hardware_irq/irq_handler_chain.S.obj
                0x200002e4                irq_handler_chain_slots
                0x20000314                irq_handler_chain_first_slot
                0x2000031e                irq_handler_chain_remove_tail
 *fill*         0x2000032c        0x4 
 .data.aeabi_bits_funcs
                0x20000330       0x10 CMakeFiles/test.dir/home/pi/pico/pico-sdk/src/rp2_common/pico_bit_ops/bit_ops_aeabi.S.obj
                0x20000330                aeabi_bits_funcs
                0x20000340                aeabi_bits_funcs_end
 .data.aeabi_mem_funcs
                0x20000340       0x10 CMakeFiles/test.dir/home/pi/pico/pico-sdk/src/rp2_common/pico_mem_ops/mem_ops_aeabi.S.obj
                0x20000340                aeabi_mem_funcs
                0x20000350                aeabi_mem_funcs_end
 .data.stdio_usb
                0x20000350       0x14 CMakeFiles/test.dir/home/pi/pico/pico-sdk/src/rp2_common/pico_stdio_usb/stdio_usb.c.obj
                0x20000350                stdio_usb
 .data.ep_dir_string
                0x20000364        0x8 CMakeFiles/test.dir/home/pi/pico/pico-sdk/lib/tinyusb/src/portable/raspberrypi/rp2040/rp2040_usb.c.obj
                0x20000364                ep_dir_string
 .data._usbd_qdef
                0x2000036c       0x20 CMakeFiles/test.dir/home/pi/pico/pico-sdk/lib/tinyusb/src/device/usbd.c.obj
                0x2000036c                _usbd_qdef
                0x2000038c                . = ALIGN (0x4)
 *(.after_data.*)
                0x2000038c                . = ALIGN (0x4)
                0x2000038c                PROVIDE (__mutex_array_start = .)
 *(SORT_BY_NAME(.mutex_array.*))
 *(.mutex_array)
 .mutex_array   0x2000038c        0x8 CMakeFiles/test.dir/home/pi/pico/pico-sdk/src/rp2_common/pico_stdio/stdio.c.obj
                0x20000394                PROVIDE (__mutex_array_end = .)
                0x20000394                . = ALIGN (0x4)
                0x20000394                PROVIDE (__preinit_array_start = .)
 *(SORT_BY_NAME(.preinit_array.*))
 .preinit_array.00001
                0x20000394        0x4 CMakeFiles/test.dir/home/pi/pico/pico-sdk/src/rp2_common/pico_mem_ops/mem_ops_aeabi.S.obj
 .preinit_array.00010
                0x20000398        0x4 CMakeFiles/test.dir/home/pi/pico/pico-sdk/src/rp2_common/pico_bit_ops/bit_ops_aeabi.S.obj
 .preinit_array.00020
                0x2000039c        0x4 CMakeFiles/test.dir/home/pi/pico/pico-sdk/src/rp2_common/pico_double/double_aeabi.S.obj
 .preinit_array.00020
                0x200003a0        0x4 CMakeFiles/test.dir/home/pi/pico/pico-sdk/src/rp2_common/pico_float/float_aeabi.S.obj
 *(.preinit_array)
                0x200003a4                PROVIDE (__preinit_array_end = .)
                0x200003a4                . = ALIGN (0x4)
                0x200003a4                PROVIDE (__init_array_start = .)
 *(SORT_BY_NAME(.init_array.*))
 *(.init_array)
 .init_array    0x200003a4        0x4 /usr/lib/gcc/arm-none-eabi/7.3.1/thumb/v6-m/crtbegin.o
                0x200003a8                PROVIDE (__init_array_end = .)
                0x200003a8                . = ALIGN (0x4)
                0x200003a8                PROVIDE (__fini_array_start = .)
 *(SORT_BY_NAME(.fini_array.*))
 *(.fini_array)
                0x200003a8                PROVIDE (__fini_array_end = .)
 *(.jcr)
                0x200003a8                . = ALIGN (0x4)
                0x200003a8                __data_end__ = .

.tm_clone_table
                0x200003a8        0x0 load address 0x1000811c
 .tm_clone_table
                0x200003a8        0x0 /usr/lib/gcc/arm-none-eabi/7.3.1/thumb/v6-m/crtbegin.o
 .tm_clone_table
                0x200003a8        0x0 /usr/lib/gcc/arm-none-eabi/7.3.1/thumb/v6-m/crtend.o

.igot.plt       0x200003a8        0x0 load address 0x1000811c
 .igot.plt      0x200003a8        0x0 /usr/lib/gcc/arm-none-eabi/7.3.1/thumb/v6-m/crtbegin.o

.uninitialized_data
                0x200003a8        0x0 load address 0x1000811c
                0x200003a8                . = ALIGN (0x4)
 *(.uninitialized_data*)

.scratch_x      0x20040000        0x0 load address 0x1000811c
                0x20040000                __scratch_x_start__ = .
 *(.scratch_x.*)
                0x20040000                . = ALIGN (0x4)
                0x20040000                __scratch_x_end__ = .
                0x1000811c                __scratch_x_source__ = LOADADDR (.scratch_x)

.scratch_y      0x20041000        0x0 load address 0x1000811c
                0x20041000                __scratch_y_start__ = .
 *(.scratch_y.*)
                0x20041000                . = ALIGN (0x4)
                0x20041000                __scratch_y_end__ = .
                0x1000811c                __scratch_y_source__ = LOADADDR (.scratch_y)

.bss            0x200003a8      0xf5c
                0x200003a8                . = ALIGN (0x4)
                0x200003a8                __bss_start__ = .
 *(SORT_BY_ALIGNMENT(SORT_BY_NAME(.bss*)))
 .bss.default_alarm_pool_entries
                0x200003a8      0x100 CMakeFiles/test.dir/home/pi/pico/pico-sdk/src/common/pico_time/time.c.obj
 .bss.last_avail_time.6972
                0x200004a8        0x8 CMakeFiles/test.dir/home/pi/pico/pico-sdk/src/rp2_common/pico_stdio_usb/stdio_usb.c.obj
 .bss           0x200004b0       0x1c /usr/lib/gcc/arm-none-eabi/7.3.1/thumb/v6-m/crtbegin.o
 .bss._app_driver
                0x200004cc        0x4 CMakeFiles/test.dir/home/pi/pico/pico-sdk/lib/tinyusb/src/device/usbd.c.obj
 .bss._cdcd_itf
                0x200004d0      0x2d0 CMakeFiles/test.dir/home/pi/pico/pico-sdk/lib/tinyusb/src/class/cdc/cdc_device.c.obj
 .bss._ctrl_xfer
                0x200007a0       0x14 CMakeFiles/test.dir/home/pi/pico/pico-sdk/lib/tinyusb/src/device/usbd_control.c.obj
 .bss._ubsd_mutexdef
                0x200007b4        0x8 CMakeFiles/test.dir/home/pi/pico/pico-sdk/lib/tinyusb/src/device/usbd.c.obj
 .bss._usbd_ctrl_buf
                0x200007bc       0x40 CMakeFiles/test.dir/home/pi/pico/pico-sdk/lib/tinyusb/src/device/usbd_control.c.obj
 .bss._usbd_dev
                0x200007fc       0x37 CMakeFiles/test.dir/home/pi/pico/pico-sdk/lib/tinyusb/src/device/usbd.c.obj
 *fill*         0x20000833        0x1 
 .bss._usbd_mutex
                0x20000834        0x4 CMakeFiles/test.dir/home/pi/pico/pico-sdk/lib/tinyusb/src/device/usbd.c.obj
 .bss._usbd_q   0x20000838        0x4 CMakeFiles/test.dir/home/pi/pico/pico-sdk/lib/tinyusb/src/device/usbd.c.obj
 .bss.alarm_callbacks
                0x2000083c       0x10 CMakeFiles/test.dir/home/pi/pico/pico-sdk/src/rp2_common/hardware_timer/timer.c.obj
 .bss.claimed   0x2000084c        0x4 CMakeFiles/test.dir/home/pi/pico/pico-sdk/src/rp2_common/hardware_sync/sync.c.obj
 .bss.configured_freq
                0x20000850       0x28 CMakeFiles/test.dir/home/pi/pico/pico-sdk/src/rp2_common/hardware_clocks/clocks.c.obj
 .bss.default_alarm_pool_entry_ids_high
                0x20000878       0x10 CMakeFiles/test.dir/home/pi/pico/pico-sdk/src/common/pico_time/time.c.obj
 .bss.default_alarm_pool_heap_nodes
                0x20000888       0x30 CMakeFiles/test.dir/home/pi/pico/pico-sdk/src/common/pico_time/time.c.obj
 .bss.desc_str.6868
                0x200008b8       0x28 CMakeFiles/test.dir/home/pi/pico/pico-sdk/src/rp2_common/pico_stdio_usb/stdio_usb_descriptors.c.obj
 .bss.drivers   0x200008e0        0x4 CMakeFiles/test.dir/home/pi/pico/pico-sdk/src/rp2_common/pico_stdio/stdio.c.obj
 .bss.filter    0x200008e4        0x4 CMakeFiles/test.dir/home/pi/pico/pico-sdk/src/rp2_common/pico_stdio/stdio.c.obj
 .bss.hw_endpoints
                0x200008e8      0x680 CMakeFiles/test.dir/home/pi/pico/pico-sdk/lib/tinyusb/src/portable/raspberrypi/rp2040/dcd_rp2040.c.obj
 .bss.load_value
                0x20000f68        0x4 CMakeFiles/test.dir/home/pi/pico/pico-sdk/src/rp2_common/hardware_watchdog/watchdog.c.obj
 .bss.next_buffer_ptr
                0x20000f6c        0x4 CMakeFiles/test.dir/home/pi/pico/pico-sdk/lib/tinyusb/src/portable/raspberrypi/rp2040/dcd_rp2040.c.obj
 .bss.pools     0x20000f70       0x10 CMakeFiles/test.dir/home/pi/pico/pico-sdk/src/common/pico_time/time.c.obj
 .bss.stdio_usb_mutex
                0x20000f80        0x8 CMakeFiles/test.dir/home/pi/pico/pico-sdk/src/rp2_common/pico_stdio_usb/stdio_usb.c.obj
 .bss.target_hi
                0x20000f88       0x10 CMakeFiles/test.dir/home/pi/pico/pico-sdk/src/rp2_common/hardware_timer/timer.c.obj
 .bss._app_driver_count
                0x20000f98        0x1 CMakeFiles/test.dir/home/pi/pico/pico-sdk/lib/tinyusb/src/device/usbd.c.obj
 .bss._initialized
                0x20000f99        0x1 CMakeFiles/test.dir/home/pi/pico/pico-sdk/lib/tinyusb/src/tusb.c.obj
 .bss.assigned_address
                0x20000f9a        0x1 CMakeFiles/test.dir/home/pi/pico/pico-sdk/lib/tinyusb/src/portable/raspberrypi/rp2040/dcd_rp2040.c.obj
 .bss.claimed   0x20000f9b        0x1 CMakeFiles/test.dir/home/pi/pico/pico-sdk/src/rp2_common/hardware_timer/timer.c.obj
 .bss.irq_hander_chain_free_slot_head
                0x20000f9c        0x1 CMakeFiles/test.dir/home/pi/pico/pico-sdk/src/rp2_common/hardware_irq/irq.c.obj
 .bss.itf_num   0x20000f9d        0x1 CMakeFiles/test.dir/home/pi/pico/pico-sdk/src/rp2_common/pico_stdio_usb/reset_interface.c.obj
 .bss.timer_callbacks_pending
                0x20000f9e        0x1 CMakeFiles/test.dir/home/pi/pico/pico-sdk/src/rp2_common/hardware_timer/timer.c.obj
 *(COMMON)
 *fill*         0x20000f9f        0x1 
 COMMON         0x20000fa0       0xa0 CMakeFiles/test.dir/emulate.c.obj
                0x20000fa0                cdp1802_instr
 COMMON         0x20001040      0x100 CMakeFiles/test.dir/home/pi/pico/pico-sdk/src/rp2_common/pico_double/double_init_rom.c.obj
                0x20001040                sd_table
 COMMON         0x20001140      0x104 CMakeFiles/test.dir/home/pi/pico/pico-sdk/src/rp2_common/pico_float/float_init_rom.c.obj
                0x20001140                sf_table
                0x20001240                sf_clz_func
 COMMON         0x20001244       0xc0 CMakeFiles/test.dir/home/pi/pico/pico-sdk/lib/tinyusb/src/device/usbd.c.obj
                0x20001244                _usbd_qdef_buf
                0x20001304                . = ALIGN (0x4)
                0x20001304                __bss_end__ = .

.heap           0x20001304      0x800
                0x20001304                __end__ = .
                0x20001304                end = __end__
 *(.heap*)
 .heap          0x20001304      0x800 CMakeFiles/test.dir/home/pi/pico/pico-sdk/src/rp2_common/pico_standard_link/crt0.S.obj
                0x20001b04                __HeapLimit = .

.stack1_dummy   0x20040000        0x0
 *(.stack1*)

.stack_dummy    0x20041000      0x800
 *(.stack*)
 .stack         0x20041000      0x800 CMakeFiles/test.dir/home/pi/pico/pico-sdk/src/rp2_common/pico_standard_link/crt0.S.obj

.flash_end      0x1000811c        0x0
                0x1000811c                __flash_binary_end = .
                0x20040000                __StackLimit = (ORIGIN (RAM) + LENGTH (RAM))
                0x20041000                __StackOneTop = (ORIGIN (SCRATCH_X) + LENGTH (SCRATCH_X))
                0x20042000                __StackTop = (ORIGIN (SCRATCH_Y) + LENGTH (SCRATCH_Y))
                0x20041000                __StackOneBottom = (__StackOneTop - SIZEOF (.stack1_dummy))
                0x20041800                __StackBottom = (__StackTop - SIZEOF (.stack_dummy))
                0x20042000                PROVIDE (__stack = __StackTop)
                0x00000001                ASSERT ((__StackLimit >= __HeapLimit), region RAM overflowed)
                0x00000001                ASSERT (((__binary_info_header_end - __logical_binary_start) <= 0x100), Binary info must be in first 256 bytes of the binary)
LOAD CMakeFiles/test.dir/test.c.obj
LOAD CMakeFiles/test.dir/emulate.c.obj
LOAD CMakeFiles/test.dir/home/pi/pico/pico-sdk/src/rp2_common/pico_stdlib/stdlib.c.obj
LOAD CMakeFiles/test.dir/home/pi/pico/pico-sdk/src/rp2_common/hardware_gpio/gpio.c.obj
LOAD CMakeFiles/test.dir/home/pi/pico/pico-sdk/src/rp2_common/hardware_claim/claim.c.obj
LOAD CMakeFiles/test.dir/home/pi/pico/pico-sdk/src/rp2_common/hardware_sync/sync.c.obj
LOAD CMakeFiles/test.dir/home/pi/pico/pico-sdk/src/rp2_common/pico_platform/platform.c.obj
LOAD CMakeFiles/test.dir/home/pi/pico/pico-sdk/src/rp2_common/hardware_uart/uart.c.obj
LOAD CMakeFiles/test.dir/home/pi/pico/pico-sdk/src/rp2_common/hardware_divider/divider.S.obj
LOAD CMakeFiles/test.dir/home/pi/pico/pico-sdk/src/common/pico_time/time.c.obj
LOAD CMakeFiles/test.dir/home/pi/pico/pico-sdk/src/common/pico_time/timeout_helper.c.obj
LOAD CMakeFiles/test.dir/home/pi/pico/pico-sdk/src/rp2_common/hardware_timer/timer.c.obj
LOAD CMakeFiles/test.dir/home/pi/pico/pico-sdk/src/common/pico_sync/sem.c.obj
LOAD CMakeFiles/test.dir/home/pi/pico/pico-sdk/src/common/pico_sync/lock_core.c.obj
LOAD CMakeFiles/test.dir/home/pi/pico/pico-sdk/src/common/pico_sync/mutex.c.obj
LOAD CMakeFiles/test.dir/home/pi/pico/pico-sdk/src/common/pico_sync/critical_section.c.obj
LOAD CMakeFiles/test.dir/home/pi/pico/pico-sdk/src/common/pico_util/datetime.c.obj
LOAD CMakeFiles/test.dir/home/pi/pico/pico-sdk/src/common/pico_util/pheap.c.obj
LOAD CMakeFiles/test.dir/home/pi/pico/pico-sdk/src/common/pico_util/queue.c.obj
LOAD CMakeFiles/test.dir/home/pi/pico/pico-sdk/src/rp2_common/pico_runtime/runtime.c.obj
LOAD CMakeFiles/test.dir/home/pi/pico/pico-sdk/src/rp2_common/hardware_clocks/clocks.c.obj
LOAD CMakeFiles/test.dir/home/pi/pico/pico-sdk/src/rp2_common/hardware_watchdog/watchdog.c.obj
LOAD CMakeFiles/test.dir/home/pi/pico/pico-sdk/src/rp2_common/hardware_xosc/xosc.c.obj
LOAD CMakeFiles/test.dir/home/pi/pico/pico-sdk/src/rp2_common/hardware_pll/pll.c.obj
LOAD CMakeFiles/test.dir/home/pi/pico/pico-sdk/src/rp2_common/hardware_vreg/vreg.c.obj
LOAD CMakeFiles/test.dir/home/pi/pico/pico-sdk/src/rp2_common/hardware_irq/irq.c.obj
LOAD CMakeFiles/test.dir/home/pi/pico/pico-sdk/src/rp2_common/hardware_irq/irq_handler_chain.S.obj
LOAD CMakeFiles/test.dir/home/pi/pico/pico-sdk/src/rp2_common/pico_printf/printf.c.obj
LOAD CMakeFiles/test.dir/home/pi/pico/pico-sdk/src/rp2_common/pico_bit_ops/bit_ops_aeabi.S.obj
LOAD CMakeFiles/test.dir/home/pi/pico/pico-sdk/src/rp2_common/pico_bootrom/bootrom.c.obj
LOAD CMakeFiles/test.dir/home/pi/pico/pico-sdk/src/rp2_common/pico_divider/divider.S.obj
LOAD CMakeFiles/test.dir/home/pi/pico/pico-sdk/src/rp2_common/pico_double/double_aeabi.S.obj
LOAD CMakeFiles/test.dir/home/pi/pico/pico-sdk/src/rp2_common/pico_double/double_init_rom.c.obj
LOAD CMakeFiles/test.dir/home/pi/pico/pico-sdk/src/rp2_common/pico_double/double_math.c.obj
LOAD CMakeFiles/test.dir/home/pi/pico/pico-sdk/src/rp2_common/pico_double/double_v1_rom_shim.S.obj
LOAD CMakeFiles/test.dir/home/pi/pico/pico-sdk/src/rp2_common/pico_int64_ops/pico_int64_ops_aeabi.S.obj
LOAD CMakeFiles/test.dir/home/pi/pico/pico-sdk/src/rp2_common/pico_float/float_aeabi.S.obj
LOAD CMakeFiles/test.dir/home/pi/pico/pico-sdk/src/rp2_common/pico_float/float_init_rom.c.obj
LOAD CMakeFiles/test.dir/home/pi/pico/pico-sdk/src/rp2_common/pico_float/float_math.c.obj
LOAD CMakeFiles/test.dir/home/pi/pico/pico-sdk/src/rp2_common/pico_float/float_v1_rom_shim.S.obj